------------------------------------------------------------
Timing Analyzer Summary
------------------------------------------------------------

Type  : Slow 1100mV 85C Model Setup 'CLOCK_75'
Slack : 4.903
TNS   : 0.000

Type  : Slow 1100mV 85C Model Hold 'CLOCK_75'
Slack : 0.136
TNS   : 0.000

Type  : Slow 1100mV 85C Model Minimum Pulse Width 'CLOCK_75'
Slack : 5.512
TNS   : 0.000

Type  : Slow 1100mV 0C Model Setup 'CLOCK_75'
Slack : 5.166
TNS   : 0.000

Type  : Slow 1100mV 0C Model Hold 'CLOCK_75'
Slack : 0.099
TNS   : 0.000

Type  : Slow 1100mV 0C Model Minimum Pulse Width 'CLOCK_75'
Slack : 5.463
TNS   : 0.000

Type  : Fast 1100mV 85C Model Setup 'CLOCK_75'
Slack : 7.686
TNS   : 0.000

Type  : Fast 1100mV 85C Model Hold 'CLOCK_75'
Slack : 0.094
TNS   : 0.000

Type  : Fast 1100mV 85C Model Minimum Pulse Width 'CLOCK_75'
Slack : 5.461
TNS   : 0.000

Type  : Fast 1100mV 0C Model Setup 'CLOCK_75'
Slack : 8.388
TNS   : 0.000

Type  : Fast 1100mV 0C Model Hold 'CLOCK_75'
Slack : 0.068
TNS   : 0.000

Type  : Fast 1100mV 0C Model Minimum Pulse Width 'CLOCK_75'
Slack : 5.450
TNS   : 0.000

------------------------------------------------------------
