Assembler report for Thesis_Project_Bit_Manipulation_Power
Sat May 23 22:45:48 2026
Quartus Prime Version 20.1.0 Build 711 06/05/2020 SJ Lite Edition


---------------------
; Table of Contents ;
---------------------
  1. Legal Notice
  2. Assembler Summary
  3. Assembler Settings
  4. Assembler Generated Files
  5. Assembler Device Options: Thesis_Project_Bit_Manipulation_Power.sof
  6. Assembler Messages



----------------
; Legal Notice ;
----------------
Copyright (C) 2020  Intel Corporation. All rights reserved.
Your use of Intel Corporation's design tools, logic functions 
and other software and tools, and any partner logic 
functions, and any output files from any of the foregoing 
(including device programming or simulation files), and any 
associated documentation or information are expressly subject 
to the terms and conditions of the Intel Program License 
Subscription Agreement, the Intel Quartus Prime License Agreement,
the Intel FPGA IP License Agreement, or other applicable license
agreement, including, without limitation, that your use is for
the sole purpose of programming logic devices manufactured by
Intel and sold by Intel or its authorized distributors.  Please
refer to the applicable agreement for further details, at
https://fpgasoftware.intel.com/eula.



+---------------------------------------------------------------+
; Assembler Summary                                             ;
+-----------------------+---------------------------------------+
; Assembler Status      ; Successful - Sat May 23 22:45:48 2026 ;
; Revision Name         ; Thesis_Project_Bit_Manipulation_Power ;
; Top-level Entity Name ; top_level                             ;
; Family                ; Cyclone V                             ;
; Device                ; 5CSEMA5F31C6                          ;
+-----------------------+---------------------------------------+


+----------------------------------+
; Assembler Settings               ;
+--------+---------+---------------+
; Option ; Setting ; Default Value ;
+--------+---------+---------------+


+---------------------------------------------------------------------------------------------------------------------------------+
; Assembler Generated Files                                                                                                       ;
+---------------------------------------------------------------------------------------------------------------------------------+
; File Name                                                                                                                       ;
+---------------------------------------------------------------------------------------------------------------------------------+
; /home/daniel/Thesis_Project/SystemVerilog_HDL_Red/Bit_Manipulation_Power/output_files/Thesis_Project_Bit_Manipulation_Power.sof ;
+---------------------------------------------------------------------------------------------------------------------------------+


+---------------------------------------------------------------------+
; Assembler Device Options: Thesis_Project_Bit_Manipulation_Power.sof ;
+----------------+----------------------------------------------------+
; Option         ; Setting                                            ;
+----------------+----------------------------------------------------+
; JTAG usercode  ; 0x05BE8AFD                                         ;
; Checksum       ; 0x05BE8AFD                                         ;
+----------------+----------------------------------------------------+


+--------------------+
; Assembler Messages ;
+--------------------+
Info: *******************************************************************
Info: Running Quartus Prime Assembler
    Info: Version 20.1.0 Build 711 06/05/2020 SJ Lite Edition
    Info: Processing started: Sat May 23 22:45:38 2026
Info: Command: quartus_asm --read_settings_files=off --write_settings_files=off Thesis_Project_Bit_Manipulation_Power -c Thesis_Project_Bit_Manipulation_Power
Info (115030): Assembler is generating device programming files
Info: Quartus Prime Assembler was successful. 0 errors, 0 warnings
    Info: Peak virtual memory: 615 megabytes
    Info: Processing ended: Sat May 23 22:45:48 2026
    Info: Elapsed time: 00:00:10
    Info: Total CPU time (on all processors): 00:00:10


