------------------------------------------------------------
Timing Analyzer Summary
------------------------------------------------------------

Type  : Slow 1100mV 85C Model Setup 'CLOCK_80'
Slack : 2.922
TNS   : 0.000

Type  : Slow 1100mV 85C Model Hold 'CLOCK_80'
Slack : 0.122
TNS   : 0.000

Type  : Slow 1100mV 85C Model Minimum Pulse Width 'CLOCK_80'
Slack : 5.106
TNS   : 0.000

Type  : Slow 1100mV 0C Model Setup 'CLOCK_80'
Slack : 2.669
TNS   : 0.000

Type  : Slow 1100mV 0C Model Hold 'CLOCK_80'
Slack : 0.087
TNS   : 0.000

Type  : Slow 1100mV 0C Model Minimum Pulse Width 'CLOCK_80'
Slack : 5.055
TNS   : 0.000

Type  : Fast 1100mV 85C Model Setup 'CLOCK_80'
Slack : 7.205
TNS   : 0.000

Type  : Fast 1100mV 85C Model Hold 'CLOCK_80'
Slack : 0.084
TNS   : 0.000

Type  : Fast 1100mV 85C Model Minimum Pulse Width 'CLOCK_80'
Slack : 5.040
TNS   : 0.000

Type  : Fast 1100mV 0C Model Setup 'CLOCK_80'
Slack : 7.588
TNS   : 0.000

Type  : Fast 1100mV 0C Model Hold 'CLOCK_80'
Slack : 0.056
TNS   : 0.000

Type  : Fast 1100mV 0C Model Minimum Pulse Width 'CLOCK_80'
Slack : 5.033
TNS   : 0.000

------------------------------------------------------------
