Power Analyzer report for Thesis_Project_Standard
Wed Apr  1 21:23:18 2026
Quartus Prime Version 20.1.0 Build 711 06/05/2020 SJ Lite Edition


---------------------
; Table of Contents ;
---------------------
  1. Legal Notice
  2. Parallel Compilation
  3. Power Analyzer Summary
  4. Power Analyzer Settings
  5. Power Analyzer Simulation Files Read
  6. Operating Conditions Used
  7. Thermal Power Dissipation by Block
  8. Thermal Power Dissipation by Block Type
  9. Thermal Power Dissipation by Hierarchy
 10. Core Dynamic Thermal Power Dissipation by Clock Domain
 11. Current Drawn from Voltage Supplies Summary
 12. VCCIO Supply Current Drawn by I/O Bank
 13. VCCIO Supply Current Drawn by Voltage
 14. VCCPD Supply Current Drawn by I/O Bank
 15. VCCPD Supply Current Drawn by Voltage
 16. Confidence Metric Details
 17. Signal Activities
 18. Power Analyzer Messages



----------------
; Legal Notice ;
----------------
Copyright (C) 2020  Intel Corporation. All rights reserved.
Your use of Intel Corporation's design tools, logic functions 
and other software and tools, and any partner logic 
functions, and any output files from any of the foregoing 
(including device programming or simulation files), and any 
associated documentation or information are expressly subject 
to the terms and conditions of the Intel Program License 
Subscription Agreement, the Intel Quartus Prime License Agreement,
the Intel FPGA IP License Agreement, or other applicable license
agreement, including, without limitation, that your use is for
the sole purpose of programming logic devices manufactured by
Intel and sold by Intel or its authorized distributors.  Please
refer to the applicable agreement for further details, at
https://fpgasoftware.intel.com/eula.



+------------------------------------------+
; Parallel Compilation                     ;
+----------------------------+-------------+
; Processors                 ; Number      ;
+----------------------------+-------------+
; Number detected on machine ; 8           ;
; Maximum allowed            ; 4           ;
;                            ;             ;
; Average used               ; 1.39        ;
; Maximum used               ; 4           ;
;                            ;             ;
; Usage by Processor         ; % Time Used ;
;     Processor 1            ; 100.0%      ;
;     Processor 2            ;  13.0%      ;
;     Processor 3            ;  13.0%      ;
;     Processor 4            ;  13.0%      ;
+----------------------------+-------------+


+-------------------------------------------------------------------------------------------+
; Power Analyzer Summary                                                                    ;
+----------------------------------------+--------------------------------------------------+
; Power Analyzer Status                  ; Successful - Wed Apr  1 21:23:17 2026            ;
; Quartus Prime Version                  ; 20.1.0 Build 711 06/05/2020 SJ Lite Edition      ;
; Revision Name                          ; Thesis_Project_Standard                          ;
; Top-level Entity Name                  ; top_level                                        ;
; Family                                 ; Cyclone V                                        ;
; Device                                 ; 5CSEMA5F31C6                                     ;
; Power Models                           ; Final                                            ;
; Total Thermal Power Dissipation        ; 968.85 mW                                        ;
; Core Dynamic Thermal Power Dissipation ; 537.65 mW                                        ;
; Core Static Thermal Power Dissipation  ; 418.44 mW                                        ;
; I/O Thermal Power Dissipation          ; 12.76 mW                                         ;
; Power Estimation Confidence            ; Low: user provided insufficient toggle rate data ;
+----------------------------------------+--------------------------------------------------+


+--------------------------------------------------------------------------------------------------------------------------+
; Power Analyzer Settings                                                                                                  ;
+------------------------------------------------------------------+---------------------------------------+---------------+
; Option                                                           ; Setting                               ; Default Value ;
+------------------------------------------------------------------+---------------------------------------+---------------+
; Maximum processors allowed for parallel compilation              ; 4                                     ;               ;
; Use smart compilation                                            ; Off                                   ; Off           ;
; Enable parallel Assembler and Timing Analyzer during compilation ; On                                    ; On            ;
; Enable compact report table                                      ; Off                                   ; Off           ;
; Default Power Input I/O Toggle Rate                              ; 12.5%                                 ; 12.5%         ;
; Use Input Files                                                  ; On                                    ; Off           ;
; Preset Cooling Solution                                          ; 23 MM HEAT SINK WITH 200 LFPM AIRFLOW ;               ;
; Board thermal model                                              ; None (CONSERVATIVE)                   ;               ;
; Default Power Toggle Rate                                        ; 12.5%                                 ; 12.5%         ;
; Use vectorless estimation                                        ; On                                    ; On            ;
; Filter Glitches in VCD File Reader                               ; On                                    ; On            ;
; Power Analyzer Report Signal Activity                            ; Off                                   ; Off           ;
; Power Analyzer Report Power Dissipation                          ; Off                                   ; Off           ;
; Device Power Characteristics                                     ; TYPICAL                               ; TYPICAL       ;
; Automatically Compute Junction Temperature                       ; On                                    ; On            ;
; Specified Junction Temperature                                   ; 25                                    ; 25            ;
; Ambient Temperature                                              ; 25                                    ; 25            ;
; Use Custom Cooling Solution                                      ; Off                                   ; Off           ;
; Board Temperature                                                ; 25                                    ; 25            ;
; Enable HPS                                                       ; Off                                   ; Off           ;
; Processor Frequency                                              ; 0.0                                   ; 0.0           ;
+------------------------------------------------------------------+---------------------------------------+---------------+


+---------------------------------------------------------------------------------------------------------------------------+
; Power Analyzer Simulation Files Read                                                                                      ;
+---------+---------------------------------+-----------+------------+----------------+--------------+-----------+----------+
; File ID ; File Name                       ; File Type ; Entity     ; VCD Start Time ; VCD End Time ; Unknown % ; Toggle % ;
+---------+---------------------------------+-----------+------------+----------------+--------------+-----------+----------+
; f1      ; simulation/modelsim/dump_tl.vcd ; VCD       ; |top_level ; N/A            ; N/A          ; 20.7%     ; 90.7%    ;
+---------+---------------------------------+-----------+------------+----------------+--------------+-----------+----------+


+-------------------------------------------------------------------------+
; Operating Conditions Used                                               ;
+---------------------------------------------+---------------------------+
; Setting                                     ; Value                     ;
+---------------------------------------------+---------------------------+
; Device power characteristics                ; Typical                   ;
;                                             ;                           ;
; Voltages                                    ;                           ;
;     VCC                                     ; 1.10 V                    ;
;     VCCA_FPLL                               ; 2.50 V                    ;
;     VCCPGM                                  ; 1.80 V                    ;
;     VCCBAT                                  ; 1.20 V                    ;
;     VCCE_GXB                                ; 1.10 V                    ;
;     VCCL_GXB                                ; 1.10 V                    ;
;     VCCH_GXB                                ; 2.50 V                    ;
;     VCCAUX                                  ; 2.50 V                    ;
;     VCC_HPS                                 ; 1.10 V                    ;
;     VCCRSTCLK_HPS                           ; 1.80 V                    ;
;     VCCPLL_HPS                              ; 2.50 V                    ;
;     VCCAUX_SHARED                           ; 2.50 V                    ;
;     2.5 V I/O Standard                      ; 2.5 V                     ;
;                                             ;                           ;
; Auto computed junction temperature          ; 29.4 degrees Celsius      ;
;     Ambient temperature                     ; 25.0 degrees Celsius      ;
;     Junction-to-Case thermal resistance     ; 2.30 degrees Celsius/Watt ;
;     Case-to-Heat Sink thermal resistance    ; 0.10 degrees Celsius/Watt ;
;     Heat Sink-to-Ambient thermal resistance ; 2.10 degrees Celsius/Watt ;
;                                             ;                           ;
; Board model used                            ; None                      ;
+---------------------------------------------+---------------------------+


+----------------------------------------------------------------------------------------------------------------------------------------------+
; Thermal Power Dissipation by Block                                                                                                           ;
+------------+------------+---------------------+-----------------------------+--------------------------------+-------------------------------+
; Block Name ; Block Type ; Total Thermal Power ; Block Thermal Dynamic Power ; Block Thermal Static Power (1) ; Routing Thermal Dynamic Power ;
+------------+------------+---------------------+-----------------------------+--------------------------------+-------------------------------+
(1) The "Thermal Power Dissipation by Block" Table has been hidden. To show this table, please select the "Write power dissipation by block to report file" option under "PowerPlay Power Analyzer Settings".


+-------------------------------------------------------------------------------------------------------------------------------------------------------------------------------------------------------------------+
; Thermal Power Dissipation by Block Type                                                                                                                                                                           ;
+--------------------+-----------------------------------+-----------------------------+--------------------------------+-------------------------------+-----------------------------------------------------------+
; Block Type         ; Total Thermal Power by Block Type ; Block Thermal Dynamic Power ; Block Thermal Static Power (1) ; Routing Thermal Dynamic Power ; Block Average Toggle Rate (millions of transitions / sec) ;
+--------------------+-----------------------------------+-----------------------------+--------------------------------+-------------------------------+-----------------------------------------------------------+
; M10K block         ; 228.48 mW                         ; 215.24 mW                   ; --                             ; 13.24 mW                      ;   11.266                                                  ;
; DSP block          ; 18.41 mW                          ; 9.98 mW                     ; --                             ; 8.43 mW                       ;   31.784                                                  ;
; Combinational cell ; 65.98 mW                          ; 31.97 mW                    ; --                             ; 34.01 mW                      ;    6.914                                                  ;
; Clock enable block ; 47.95 mW                          ; 0.00 mW                     ; --                             ; 47.95 mW                      ;  149.992                                                  ;
; Register cell      ; 142.39 mW                         ; 56.23 mW                    ; --                             ; 86.16 mW                      ;    6.334                                                  ;
; MLAB cell          ; 34.27 mW                          ; 12.10 mW                    ; --                             ; 22.17 mW                      ;   37.497                                                  ;
; I/O                ; 4.93 mW                           ; 2.21 mW                     ; 2.55 mW                        ; 0.17 mW                       ;    8.905                                                  ;
+--------------------+-----------------------------------+-----------------------------+--------------------------------+-------------------------------+-----------------------------------------------------------+
(1) The "Block Thermal Static Power" for all block types except Pins and the Voltage Regulator, if one exists, is part of the "Core Static Thermal Power Dissipation" value found on the PowerPlay Power Analyzer-->Summary report panel. The "Core Static Thermal Power Dissipation" also contains the thermal static power dissipated by the routing.


+----------------------------------------------------------------------------------------------------------------------------------------------------------------------------------------------------------------------------------------------------------------------------------------------------------------------------------------------------------------+
; Thermal Power Dissipation by Hierarchy                                                                                                                                                                                                                                                                                                                         ;
+--------------------------------------------------------+--------------------------------------+---------------------------------+-----------------------------------+-----------------------------------+------------------------------------------------------------------------------------------------------------------------------------------------------+
; Compilation Hierarchy Node                             ; Total Thermal Power by Hierarchy (1) ; Block Thermal Dynamic Power (1) ; Block Thermal Static Power (1)(2) ; Routing Thermal Dynamic Power (1) ; Full Hierarchy Name                                                                                                                                  ;
+--------------------------------------------------------+--------------------------------------+---------------------------------+-----------------------------------+-----------------------------------+------------------------------------------------------------------------------------------------------------------------------------------------------+
; |top_level                                             ; 542.41 mW (53.81 mW)                 ; 327.73 mW (2.60 mW)             ; 2.55 mW (2.55 mW)                 ; 212.13 mW (48.66 mW)              ; |top_level                                                                                                                                           ;
;     |low_pass_filter:BSLPF_BLUE                        ; 6.98 mW (6.98 mW)                    ; 6.58 mW (6.58 mW)               ; --                                ; 0.40 mW (0.40 mW)                 ; |top_level|low_pass_filter:BSLPF_BLUE                                                                                                                ;
;     |low_pass_filter:BSLPF_GREEN                       ; 9.44 mW (9.44 mW)                    ; 6.49 mW (6.49 mW)               ; --                                ; 2.95 mW (2.95 mW)                 ; |top_level|low_pass_filter:BSLPF_GREEN                                                                                                               ;
;     |low_pass_filter:BSLPF_RED                         ; 7.04 mW (7.04 mW)                    ; 6.67 mW (6.67 mW)               ; --                                ; 0.38 mW (0.38 mW)                 ; |top_level|low_pass_filter:BSLPF_RED                                                                                                                 ;
;     |confidence_computer:CONF_COMP_BLUE                ; 0.66 mW (0.59 mW)                    ; 0.29 mW (0.24 mW)               ; --                                ; 0.37 mW (0.35 mW)                 ; |top_level|confidence_computer:CONF_COMP_BLUE                                                                                                        ;
;         |lpm_divide:Div0                               ; 0.07 mW (0.00 mW)                    ; 0.05 mW (0.00 mW)               ; --                                ; 0.03 mW (0.00 mW)                 ; |top_level|confidence_computer:CONF_COMP_BLUE|lpm_divide:Div0                                                                                        ;
;             |lpm_divide_mbm:auto_generated             ; 0.07 mW (0.00 mW)                    ; 0.05 mW (0.00 mW)               ; --                                ; 0.03 mW (0.00 mW)                 ; |top_level|confidence_computer:CONF_COMP_BLUE|lpm_divide:Div0|lpm_divide_mbm:auto_generated                                                          ;
;                 |sign_div_unsign_slh:divider           ; 0.07 mW (0.00 mW)                    ; 0.05 mW (0.00 mW)               ; --                                ; 0.03 mW (0.00 mW)                 ; |top_level|confidence_computer:CONF_COMP_BLUE|lpm_divide:Div0|lpm_divide_mbm:auto_generated|sign_div_unsign_slh:divider                              ;
;                     |alt_u_div_uve:divider             ; 0.07 mW (0.07 mW)                    ; 0.05 mW (0.05 mW)               ; --                                ; 0.03 mW (0.03 mW)                 ; |top_level|confidence_computer:CONF_COMP_BLUE|lpm_divide:Div0|lpm_divide_mbm:auto_generated|sign_div_unsign_slh:divider|alt_u_div_uve:divider        ;
;     |confidence_computer:CONF_COMP_GREEN               ; 1.03 mW (0.85 mW)                    ; 0.39 mW (0.30 mW)               ; --                                ; 0.64 mW (0.55 mW)                 ; |top_level|confidence_computer:CONF_COMP_GREEN                                                                                                       ;
;         |lpm_divide:Div0                               ; 0.18 mW (0.00 mW)                    ; 0.09 mW (0.00 mW)               ; --                                ; 0.09 mW (0.00 mW)                 ; |top_level|confidence_computer:CONF_COMP_GREEN|lpm_divide:Div0                                                                                       ;
;             |lpm_divide_mbm:auto_generated             ; 0.18 mW (0.00 mW)                    ; 0.09 mW (0.00 mW)               ; --                                ; 0.09 mW (0.00 mW)                 ; |top_level|confidence_computer:CONF_COMP_GREEN|lpm_divide:Div0|lpm_divide_mbm:auto_generated                                                         ;
;                 |sign_div_unsign_slh:divider           ; 0.18 mW (0.00 mW)                    ; 0.09 mW (0.00 mW)               ; --                                ; 0.09 mW (0.00 mW)                 ; |top_level|confidence_computer:CONF_COMP_GREEN|lpm_divide:Div0|lpm_divide_mbm:auto_generated|sign_div_unsign_slh:divider                             ;
;                     |alt_u_div_uve:divider             ; 0.18 mW (0.18 mW)                    ; 0.09 mW (0.09 mW)               ; --                                ; 0.09 mW (0.09 mW)                 ; |top_level|confidence_computer:CONF_COMP_GREEN|lpm_divide:Div0|lpm_divide_mbm:auto_generated|sign_div_unsign_slh:divider|alt_u_div_uve:divider       ;
;     |confidence_computer:CONF_COMP_RED                 ; 1.02 mW (0.83 mW)                    ; 0.41 mW (0.31 mW)               ; --                                ; 0.61 mW (0.52 mW)                 ; |top_level|confidence_computer:CONF_COMP_RED                                                                                                         ;
;         |lpm_divide:Div0                               ; 0.19 mW (0.00 mW)                    ; 0.10 mW (0.00 mW)               ; --                                ; 0.09 mW (0.00 mW)                 ; |top_level|confidence_computer:CONF_COMP_RED|lpm_divide:Div0                                                                                         ;
;             |lpm_divide_mbm:auto_generated             ; 0.19 mW (0.00 mW)                    ; 0.10 mW (0.00 mW)               ; --                                ; 0.09 mW (0.00 mW)                 ; |top_level|confidence_computer:CONF_COMP_RED|lpm_divide:Div0|lpm_divide_mbm:auto_generated                                                           ;
;                 |sign_div_unsign_slh:divider           ; 0.19 mW (0.00 mW)                    ; 0.10 mW (0.00 mW)               ; --                                ; 0.09 mW (0.00 mW)                 ; |top_level|confidence_computer:CONF_COMP_RED|lpm_divide:Div0|lpm_divide_mbm:auto_generated|sign_div_unsign_slh:divider                               ;
;                     |alt_u_div_uve:divider             ; 0.19 mW (0.19 mW)                    ; 0.10 mW (0.10 mW)               ; --                                ; 0.09 mW (0.09 mW)                 ; |top_level|confidence_computer:CONF_COMP_RED|lpm_divide:Div0|lpm_divide_mbm:auto_generated|sign_div_unsign_slh:divider|alt_u_div_uve:divider         ;
;     |disparity_estimator:DISP_EST_BLUE                 ; 60.27 mW (57.39 mW)                  ; 24.90 mW (22.26 mW)             ; --                                ; 35.37 mW (35.13 mW)               ; |top_level|disparity_estimator:DISP_EST_BLUE                                                                                                         ;
;         |altshift_taps:sign_state_pipe_rtl_0           ; 0.97 mW (0.00 mW)                    ; 0.89 mW (0.00 mW)               ; --                                ; 0.08 mW (0.00 mW)                 ; |top_level|disparity_estimator:DISP_EST_BLUE|altshift_taps:sign_state_pipe_rtl_0                                                                     ;
;             |shift_taps_h0v:auto_generated             ; 0.97 mW (0.03 mW)                    ; 0.89 mW (0.01 mW)               ; --                                ; 0.08 mW (0.02 mW)                 ; |top_level|disparity_estimator:DISP_EST_BLUE|altshift_taps:sign_state_pipe_rtl_0|shift_taps_h0v:auto_generated                                       ;
;                 |altsyncram_6v91:altsyncram5           ; 0.90 mW (0.90 mW)                    ; 0.87 mW (0.87 mW)               ; --                                ; 0.04 mW (0.04 mW)                 ; |top_level|disparity_estimator:DISP_EST_BLUE|altshift_taps:sign_state_pipe_rtl_0|shift_taps_h0v:auto_generated|altsyncram_6v91:altsyncram5           ;
;                 |cntr_5lf:cntr1                        ; 0.04 mW (0.04 mW)                    ; 0.01 mW (0.01 mW)               ; --                                ; 0.03 mW (0.03 mW)                 ; |top_level|disparity_estimator:DISP_EST_BLUE|altshift_taps:sign_state_pipe_rtl_0|shift_taps_h0v:auto_generated|cntr_5lf:cntr1                        ;
;         |altshift_taps:spatial_derivatives_valid_rtl_0 ; 1.91 mW (0.00 mW)                    ; 1.75 mW (0.00 mW)               ; --                                ; 0.16 mW (0.00 mW)                 ; |top_level|disparity_estimator:DISP_EST_BLUE|altshift_taps:spatial_derivatives_valid_rtl_0                                                           ;
;             |shift_taps_5vu:auto_generated             ; 1.91 mW (0.02 mW)                    ; 1.75 mW (0.01 mW)               ; --                                ; 0.16 mW (0.01 mW)                 ; |top_level|disparity_estimator:DISP_EST_BLUE|altshift_taps:spatial_derivatives_valid_rtl_0|shift_taps_5vu:auto_generated                             ;
;                 |altsyncram_5s91:altsyncram5           ; 1.87 mW (1.87 mW)                    ; 1.73 mW (1.73 mW)               ; --                                ; 0.13 mW (0.13 mW)                 ; |top_level|disparity_estimator:DISP_EST_BLUE|altshift_taps:spatial_derivatives_valid_rtl_0|shift_taps_5vu:auto_generated|altsyncram_5s91:altsyncram5 ;
;                 |cntr_rhf:cntr1                        ; 0.03 mW (0.03 mW)                    ; 0.01 mW (0.01 mW)               ; --                                ; 0.02 mW (0.02 mW)                 ; |top_level|disparity_estimator:DISP_EST_BLUE|altshift_taps:spatial_derivatives_valid_rtl_0|shift_taps_5vu:auto_generated|cntr_rhf:cntr1              ;
;     |disparity_estimator:DISP_EST_GREEN                ; 56.28 mW (56.28 mW)                  ; 22.91 mW (22.91 mW)             ; --                                ; 33.37 mW (33.37 mW)               ; |top_level|disparity_estimator:DISP_EST_GREEN                                                                                                        ;
;     |disparity_estimator:DISP_EST_RED                  ; 58.26 mW (56.32 mW)                  ; 24.52 mW (22.74 mW)             ; --                                ; 33.73 mW (33.58 mW)               ; |top_level|disparity_estimator:DISP_EST_RED                                                                                                          ;
;         |altshift_taps:prod_column_idx_rtl_0           ; 0.99 mW (0.00 mW)                    ; 0.89 mW (0.00 mW)               ; --                                ; 0.10 mW (0.00 mW)                 ; |top_level|disparity_estimator:DISP_EST_RED|altshift_taps:prod_column_idx_rtl_0                                                                      ;
;             |shift_taps_52v:auto_generated             ; 0.99 mW (0.03 mW)                    ; 0.89 mW (0.01 mW)               ; --                                ; 0.10 mW (0.02 mW)                 ; |top_level|disparity_estimator:DISP_EST_RED|altshift_taps:prod_column_idx_rtl_0|shift_taps_52v:auto_generated                                        ;
;                 |altsyncram_d2a1:altsyncram5           ; 0.91 mW (0.91 mW)                    ; 0.87 mW (0.87 mW)               ; --                                ; 0.04 mW (0.04 mW)                 ; |top_level|disparity_estimator:DISP_EST_RED|altshift_taps:prod_column_idx_rtl_0|shift_taps_52v:auto_generated|altsyncram_d2a1:altsyncram5            ;
;                 |cntr_9lf:cntr1                        ; 0.04 mW (0.04 mW)                    ; 0.01 mW (0.01 mW)               ; --                                ; 0.03 mW (0.03 mW)                 ; |top_level|disparity_estimator:DISP_EST_RED|altshift_taps:prod_column_idx_rtl_0|shift_taps_52v:auto_generated|cntr_9lf:cntr1                         ;
;         |altshift_taps:sum2_orientation_rtl_0          ; 0.95 mW (0.00 mW)                    ; 0.90 mW (0.00 mW)               ; --                                ; 0.06 mW (0.00 mW)                 ; |top_level|disparity_estimator:DISP_EST_RED|altshift_taps:sum2_orientation_rtl_0                                                                     ;
;             |shift_taps_g0v:auto_generated             ; 0.95 mW (0.03 mW)                    ; 0.90 mW (0.02 mW)               ; --                                ; 0.06 mW (0.02 mW)                 ; |top_level|disparity_estimator:DISP_EST_RED|altshift_taps:sum2_orientation_rtl_0|shift_taps_g0v:auto_generated                                       ;
;                 |altsyncram_5v91:altsyncram5           ; 0.87 mW (0.87 mW)                    ; 0.87 mW (0.87 mW)               ; --                                ; 0.01 mW (0.01 mW)                 ; |top_level|disparity_estimator:DISP_EST_RED|altshift_taps:sum2_orientation_rtl_0|shift_taps_g0v:auto_generated|altsyncram_5v91:altsyncram5           ;
;                 |cntr_7lf:cntr1                        ; 0.05 mW (0.05 mW)                    ; 0.01 mW (0.01 mW)               ; --                                ; 0.03 mW (0.03 mW)                 ; |top_level|disparity_estimator:DISP_EST_RED|altshift_taps:sum2_orientation_rtl_0|shift_taps_g0v:auto_generated|cntr_7lf:cntr1                        ;
;     |epi_compiler:EPIC_BLUE                            ; 13.00 mW (13.00 mW)                  ; 11.93 mW (11.93 mW)             ; --                                ; 1.07 mW (1.07 mW)                 ; |top_level|epi_compiler:EPIC_BLUE                                                                                                                    ;
;     |epi_compiler:EPIC_GREEN                           ; 12.16 mW (12.16 mW)                  ; 11.52 mW (11.52 mW)             ; --                                ; 0.65 mW (0.65 mW)                 ; |top_level|epi_compiler:EPIC_GREEN                                                                                                                   ;
;     |epi_compiler:EPIC_RED                             ; 12.79 mW (12.79 mW)                  ; 11.65 mW (11.65 mW)             ; --                                ; 1.14 mW (1.14 mW)                 ; |top_level|epi_compiler:EPIC_RED                                                                                                                     ;
;     |fused_aligned_output:FAO_RGB                      ; 9.38 mW (8.32 mW)                    ; 5.12 mW (4.24 mW)               ; --                                ; 4.25 mW (4.09 mW)                 ; |top_level|fused_aligned_output:FAO_RGB                                                                                                              ;
;         |altshift_taps:crop_ok_8d_rtl_0                ; 1.05 mW (0.00 mW)                    ; 0.89 mW (0.00 mW)               ; --                                ; 0.17 mW (0.00 mW)                 ; |top_level|fused_aligned_output:FAO_RGB|altshift_taps:crop_ok_8d_rtl_0                                                                               ;
;             |shift_taps_l0v:auto_generated             ; 1.05 mW (0.03 mW)                    ; 0.89 mW (0.01 mW)               ; --                                ; 0.17 mW (0.02 mW)                 ; |top_level|fused_aligned_output:FAO_RGB|altshift_taps:crop_ok_8d_rtl_0|shift_taps_l0v:auto_generated                                                 ;
;                 |altsyncram_bv91:altsyncram5           ; 0.99 mW (0.99 mW)                    ; 0.87 mW (0.87 mW)               ; --                                ; 0.13 mW (0.13 mW)                 ; |top_level|fused_aligned_output:FAO_RGB|altshift_taps:crop_ok_8d_rtl_0|shift_taps_l0v:auto_generated|altsyncram_bv91:altsyncram5                     ;
;                 |cntr_hjf:cntr1                        ; 0.03 mW (0.03 mW)                    ; 0.01 mW (0.01 mW)               ; --                                ; 0.02 mW (0.02 mW)                 ; |top_level|fused_aligned_output:FAO_RGB|altshift_taps:crop_ok_8d_rtl_0|shift_taps_l0v:auto_generated|cntr_hjf:cntr1                                  ;
;     |shared_frame_storage:SHARED_BLUE                  ; 42.95 mW (4.62 mW)                   ; 36.85 mW (0.70 mW)              ; --                                ; 6.10 mW (3.93 mW)                 ; |top_level|shared_frame_storage:SHARED_BLUE                                                                                                          ;
;         |frame_ram:bank_0                              ; 3.88 mW (0.00 mW)                    ; 3.58 mW (0.00 mW)               ; --                                ; 0.30 mW (0.00 mW)                 ; |top_level|shared_frame_storage:SHARED_BLUE|frame_ram:bank_0                                                                                         ;
;             |altsyncram:mem_rtl_0                      ; 3.88 mW (0.00 mW)                    ; 3.58 mW (0.00 mW)               ; --                                ; 0.30 mW (0.00 mW)                 ; |top_level|shared_frame_storage:SHARED_BLUE|frame_ram:bank_0|altsyncram:mem_rtl_0                                                                    ;
;                 |altsyncram_t9p1:auto_generated        ; 3.88 mW (3.88 mW)                    ; 3.58 mW (3.58 mW)               ; --                                ; 0.30 mW (0.30 mW)                 ; |top_level|shared_frame_storage:SHARED_BLUE|frame_ram:bank_0|altsyncram:mem_rtl_0|altsyncram_t9p1:auto_generated                                     ;
;         |frame_ram:bank_1                              ; 3.72 mW (0.00 mW)                    ; 3.58 mW (0.00 mW)               ; --                                ; 0.14 mW (0.00 mW)                 ; |top_level|shared_frame_storage:SHARED_BLUE|frame_ram:bank_1                                                                                         ;
;             |altsyncram:mem_rtl_0                      ; 3.72 mW (0.00 mW)                    ; 3.58 mW (0.00 mW)               ; --                                ; 0.14 mW (0.00 mW)                 ; |top_level|shared_frame_storage:SHARED_BLUE|frame_ram:bank_1|altsyncram:mem_rtl_0                                                                    ;
;                 |altsyncram_t9p1:auto_generated        ; 3.72 mW (3.72 mW)                    ; 3.58 mW (3.58 mW)               ; --                                ; 0.14 mW (0.14 mW)                 ; |top_level|shared_frame_storage:SHARED_BLUE|frame_ram:bank_1|altsyncram:mem_rtl_0|altsyncram_t9p1:auto_generated                                     ;
;         |frame_ram:bank_2                              ; 3.72 mW (0.00 mW)                    ; 3.58 mW (0.00 mW)               ; --                                ; 0.15 mW (0.00 mW)                 ; |top_level|shared_frame_storage:SHARED_BLUE|frame_ram:bank_2                                                                                         ;
;             |altsyncram:mem_rtl_0                      ; 3.72 mW (0.00 mW)                    ; 3.58 mW (0.00 mW)               ; --                                ; 0.15 mW (0.00 mW)                 ; |top_level|shared_frame_storage:SHARED_BLUE|frame_ram:bank_2|altsyncram:mem_rtl_0                                                                    ;
;                 |altsyncram_t9p1:auto_generated        ; 3.72 mW (3.72 mW)                    ; 3.58 mW (3.58 mW)               ; --                                ; 0.15 mW (0.15 mW)                 ; |top_level|shared_frame_storage:SHARED_BLUE|frame_ram:bank_2|altsyncram:mem_rtl_0|altsyncram_t9p1:auto_generated                                     ;
;         |frame_ram:bank_3                              ; 3.84 mW (0.00 mW)                    ; 3.58 mW (0.00 mW)               ; --                                ; 0.26 mW (0.00 mW)                 ; |top_level|shared_frame_storage:SHARED_BLUE|frame_ram:bank_3                                                                                         ;
;             |altsyncram:mem_rtl_0                      ; 3.84 mW (0.00 mW)                    ; 3.58 mW (0.00 mW)               ; --                                ; 0.26 mW (0.00 mW)                 ; |top_level|shared_frame_storage:SHARED_BLUE|frame_ram:bank_3|altsyncram:mem_rtl_0                                                                    ;
;                 |altsyncram_t9p1:auto_generated        ; 3.84 mW (3.84 mW)                    ; 3.58 mW (3.58 mW)               ; --                                ; 0.26 mW (0.26 mW)                 ; |top_level|shared_frame_storage:SHARED_BLUE|frame_ram:bank_3|altsyncram:mem_rtl_0|altsyncram_t9p1:auto_generated                                     ;
;         |frame_ram:bank_4                              ; 3.98 mW (0.00 mW)                    ; 3.66 mW (0.00 mW)               ; --                                ; 0.32 mW (0.00 mW)                 ; |top_level|shared_frame_storage:SHARED_BLUE|frame_ram:bank_4                                                                                         ;
;             |altsyncram:mem_rtl_0                      ; 3.98 mW (0.00 mW)                    ; 3.66 mW (0.00 mW)               ; --                                ; 0.32 mW (0.00 mW)                 ; |top_level|shared_frame_storage:SHARED_BLUE|frame_ram:bank_4|altsyncram:mem_rtl_0                                                                    ;
;                 |altsyncram_t9p1:auto_generated        ; 3.98 mW (3.98 mW)                    ; 3.66 mW (3.66 mW)               ; --                                ; 0.32 mW (0.32 mW)                 ; |top_level|shared_frame_storage:SHARED_BLUE|frame_ram:bank_4|altsyncram:mem_rtl_0|altsyncram_t9p1:auto_generated                                     ;
;         |frame_ram:bank_5                              ; 3.88 mW (0.00 mW)                    ; 3.66 mW (0.00 mW)               ; --                                ; 0.22 mW (0.00 mW)                 ; |top_level|shared_frame_storage:SHARED_BLUE|frame_ram:bank_5                                                                                         ;
;             |altsyncram:mem_rtl_0                      ; 3.88 mW (0.00 mW)                    ; 3.66 mW (0.00 mW)               ; --                                ; 0.22 mW (0.00 mW)                 ; |top_level|shared_frame_storage:SHARED_BLUE|frame_ram:bank_5|altsyncram:mem_rtl_0                                                                    ;
;                 |altsyncram_t9p1:auto_generated        ; 3.88 mW (3.88 mW)                    ; 3.66 mW (3.66 mW)               ; --                                ; 0.22 mW (0.22 mW)                 ; |top_level|shared_frame_storage:SHARED_BLUE|frame_ram:bank_5|altsyncram:mem_rtl_0|altsyncram_t9p1:auto_generated                                     ;
;         |frame_ram:bank_6                              ; 3.82 mW (0.00 mW)                    ; 3.66 mW (0.00 mW)               ; --                                ; 0.16 mW (0.00 mW)                 ; |top_level|shared_frame_storage:SHARED_BLUE|frame_ram:bank_6                                                                                         ;
;             |altsyncram:mem_rtl_0                      ; 3.82 mW (0.00 mW)                    ; 3.66 mW (0.00 mW)               ; --                                ; 0.16 mW (0.00 mW)                 ; |top_level|shared_frame_storage:SHARED_BLUE|frame_ram:bank_6|altsyncram:mem_rtl_0                                                                    ;
;                 |altsyncram_t9p1:auto_generated        ; 3.82 mW (3.82 mW)                    ; 3.66 mW (3.66 mW)               ; --                                ; 0.16 mW (0.16 mW)                 ; |top_level|shared_frame_storage:SHARED_BLUE|frame_ram:bank_6|altsyncram:mem_rtl_0|altsyncram_t9p1:auto_generated                                     ;
;         |frame_ram:bank_7                              ; 3.75 mW (0.00 mW)                    ; 3.65 mW (0.00 mW)               ; --                                ; 0.09 mW (0.00 mW)                 ; |top_level|shared_frame_storage:SHARED_BLUE|frame_ram:bank_7                                                                                         ;
;             |altsyncram:mem_rtl_0                      ; 3.75 mW (0.00 mW)                    ; 3.65 mW (0.00 mW)               ; --                                ; 0.09 mW (0.00 mW)                 ; |top_level|shared_frame_storage:SHARED_BLUE|frame_ram:bank_7|altsyncram:mem_rtl_0                                                                    ;
;                 |altsyncram_t9p1:auto_generated        ; 3.75 mW (3.75 mW)                    ; 3.65 mW (3.65 mW)               ; --                                ; 0.09 mW (0.09 mW)                 ; |top_level|shared_frame_storage:SHARED_BLUE|frame_ram:bank_7|altsyncram:mem_rtl_0|altsyncram_t9p1:auto_generated                                     ;
;         |frame_ram:bank_8                              ; 3.86 mW (0.00 mW)                    ; 3.65 mW (0.00 mW)               ; --                                ; 0.21 mW (0.00 mW)                 ; |top_level|shared_frame_storage:SHARED_BLUE|frame_ram:bank_8                                                                                         ;
;             |altsyncram:mem_rtl_0                      ; 3.86 mW (0.00 mW)                    ; 3.65 mW (0.00 mW)               ; --                                ; 0.21 mW (0.00 mW)                 ; |top_level|shared_frame_storage:SHARED_BLUE|frame_ram:bank_8|altsyncram:mem_rtl_0                                                                    ;
;                 |altsyncram_t9p1:auto_generated        ; 3.86 mW (3.86 mW)                    ; 3.65 mW (3.65 mW)               ; --                                ; 0.21 mW (0.21 mW)                 ; |top_level|shared_frame_storage:SHARED_BLUE|frame_ram:bank_8|altsyncram:mem_rtl_0|altsyncram_t9p1:auto_generated                                     ;
;         |frame_ram:bank_8v                             ; 3.90 mW (0.00 mW)                    ; 3.58 mW (0.00 mW)               ; --                                ; 0.32 mW (0.00 mW)                 ; |top_level|shared_frame_storage:SHARED_BLUE|frame_ram:bank_8v                                                                                        ;
;             |altsyncram:mem_rtl_0                      ; 3.90 mW (0.00 mW)                    ; 3.58 mW (0.00 mW)               ; --                                ; 0.32 mW (0.00 mW)                 ; |top_level|shared_frame_storage:SHARED_BLUE|frame_ram:bank_8v|altsyncram:mem_rtl_0                                                                   ;
;                 |altsyncram_t9p1:auto_generated        ; 3.90 mW (3.90 mW)                    ; 3.58 mW (3.58 mW)               ; --                                ; 0.32 mW (0.32 mW)                 ; |top_level|shared_frame_storage:SHARED_BLUE|frame_ram:bank_8v|altsyncram:mem_rtl_0|altsyncram_t9p1:auto_generated                                    ;
;         |frame_ram:bank_9                              ; 0.00 mW (0.00 mW)                    ; 0.00 mW (0.00 mW)               ; --                                ; 0.00 mW (0.00 mW)                 ; |top_level|shared_frame_storage:SHARED_BLUE|frame_ram:bank_9                                                                                         ;
;             |altsyncram:mem_rtl_0                      ; 0.00 mW (0.00 mW)                    ; 0.00 mW (0.00 mW)               ; --                                ; 0.00 mW (0.00 mW)                 ; |top_level|shared_frame_storage:SHARED_BLUE|frame_ram:bank_9|altsyncram:mem_rtl_0                                                                    ;
;                 |altsyncram_t9p1:auto_generated        ; 0.00 mW (0.00 mW)                    ; 0.00 mW (0.00 mW)               ; --                                ; 0.00 mW (0.00 mW)                 ; |top_level|shared_frame_storage:SHARED_BLUE|frame_ram:bank_9|altsyncram:mem_rtl_0|altsyncram_t9p1:auto_generated                                     ;
;         |frame_ram:bank_10                             ; 0.00 mW (0.00 mW)                    ; 0.00 mW (0.00 mW)               ; --                                ; 0.00 mW (0.00 mW)                 ; |top_level|shared_frame_storage:SHARED_BLUE|frame_ram:bank_10                                                                                        ;
;             |altsyncram:mem_rtl_0                      ; 0.00 mW (0.00 mW)                    ; 0.00 mW (0.00 mW)               ; --                                ; 0.00 mW (0.00 mW)                 ; |top_level|shared_frame_storage:SHARED_BLUE|frame_ram:bank_10|altsyncram:mem_rtl_0                                                                   ;
;                 |altsyncram_t9p1:auto_generated        ; 0.00 mW (0.00 mW)                    ; 0.00 mW (0.00 mW)               ; --                                ; 0.00 mW (0.00 mW)                 ; |top_level|shared_frame_storage:SHARED_BLUE|frame_ram:bank_10|altsyncram:mem_rtl_0|altsyncram_t9p1:auto_generated                                    ;
;         |frame_ram:bank_11                             ; 0.00 mW (0.00 mW)                    ; 0.00 mW (0.00 mW)               ; --                                ; 0.00 mW (0.00 mW)                 ; |top_level|shared_frame_storage:SHARED_BLUE|frame_ram:bank_11                                                                                        ;
;             |altsyncram:mem_rtl_0                      ; 0.00 mW (0.00 mW)                    ; 0.00 mW (0.00 mW)               ; --                                ; 0.00 mW (0.00 mW)                 ; |top_level|shared_frame_storage:SHARED_BLUE|frame_ram:bank_11|altsyncram:mem_rtl_0                                                                   ;
;                 |altsyncram_t9p1:auto_generated        ; 0.00 mW (0.00 mW)                    ; 0.00 mW (0.00 mW)               ; --                                ; 0.00 mW (0.00 mW)                 ; |top_level|shared_frame_storage:SHARED_BLUE|frame_ram:bank_11|altsyncram:mem_rtl_0|altsyncram_t9p1:auto_generated                                    ;
;     |shared_frame_storage:SHARED_GREEN                 ; 42.75 mW (4.60 mW)                   ; 36.90 mW (0.75 mW)              ; --                                ; 5.85 mW (3.86 mW)                 ; |top_level|shared_frame_storage:SHARED_GREEN                                                                                                         ;
;         |frame_ram:bank_0                              ; 3.78 mW (0.00 mW)                    ; 3.58 mW (0.00 mW)               ; --                                ; 0.20 mW (0.00 mW)                 ; |top_level|shared_frame_storage:SHARED_GREEN|frame_ram:bank_0                                                                                        ;
;             |altsyncram:mem_rtl_0                      ; 3.78 mW (0.00 mW)                    ; 3.58 mW (0.00 mW)               ; --                                ; 0.20 mW (0.00 mW)                 ; |top_level|shared_frame_storage:SHARED_GREEN|frame_ram:bank_0|altsyncram:mem_rtl_0                                                                   ;
;                 |altsyncram_t9p1:auto_generated        ; 3.78 mW (3.78 mW)                    ; 3.58 mW (3.58 mW)               ; --                                ; 0.20 mW (0.20 mW)                 ; |top_level|shared_frame_storage:SHARED_GREEN|frame_ram:bank_0|altsyncram:mem_rtl_0|altsyncram_t9p1:auto_generated                                    ;
;         |frame_ram:bank_1                              ; 3.73 mW (0.00 mW)                    ; 3.58 mW (0.00 mW)               ; --                                ; 0.16 mW (0.00 mW)                 ; |top_level|shared_frame_storage:SHARED_GREEN|frame_ram:bank_1                                                                                        ;
;             |altsyncram:mem_rtl_0                      ; 3.73 mW (0.00 mW)                    ; 3.58 mW (0.00 mW)               ; --                                ; 0.16 mW (0.00 mW)                 ; |top_level|shared_frame_storage:SHARED_GREEN|frame_ram:bank_1|altsyncram:mem_rtl_0                                                                   ;
;                 |altsyncram_t9p1:auto_generated        ; 3.73 mW (3.73 mW)                    ; 3.58 mW (3.58 mW)               ; --                                ; 0.16 mW (0.16 mW)                 ; |top_level|shared_frame_storage:SHARED_GREEN|frame_ram:bank_1|altsyncram:mem_rtl_0|altsyncram_t9p1:auto_generated                                    ;
;         |frame_ram:bank_2                              ; 3.72 mW (0.00 mW)                    ; 3.58 mW (0.00 mW)               ; --                                ; 0.15 mW (0.00 mW)                 ; |top_level|shared_frame_storage:SHARED_GREEN|frame_ram:bank_2                                                                                        ;
;             |altsyncram:mem_rtl_0                      ; 3.72 mW (0.00 mW)                    ; 3.58 mW (0.00 mW)               ; --                                ; 0.15 mW (0.00 mW)                 ; |top_level|shared_frame_storage:SHARED_GREEN|frame_ram:bank_2|altsyncram:mem_rtl_0                                                                   ;
;                 |altsyncram_t9p1:auto_generated        ; 3.72 mW (3.72 mW)                    ; 3.58 mW (3.58 mW)               ; --                                ; 0.15 mW (0.15 mW)                 ; |top_level|shared_frame_storage:SHARED_GREEN|frame_ram:bank_2|altsyncram:mem_rtl_0|altsyncram_t9p1:auto_generated                                    ;
;         |frame_ram:bank_3                              ; 3.71 mW (0.00 mW)                    ; 3.58 mW (0.00 mW)               ; --                                ; 0.13 mW (0.00 mW)                 ; |top_level|shared_frame_storage:SHARED_GREEN|frame_ram:bank_3                                                                                        ;
;             |altsyncram:mem_rtl_0                      ; 3.71 mW (0.00 mW)                    ; 3.58 mW (0.00 mW)               ; --                                ; 0.13 mW (0.00 mW)                 ; |top_level|shared_frame_storage:SHARED_GREEN|frame_ram:bank_3|altsyncram:mem_rtl_0                                                                   ;
;                 |altsyncram_t9p1:auto_generated        ; 3.71 mW (3.71 mW)                    ; 3.58 mW (3.58 mW)               ; --                                ; 0.13 mW (0.13 mW)                 ; |top_level|shared_frame_storage:SHARED_GREEN|frame_ram:bank_3|altsyncram:mem_rtl_0|altsyncram_t9p1:auto_generated                                    ;
;         |frame_ram:bank_4                              ; 4.07 mW (0.00 mW)                    ; 3.66 mW (0.00 mW)               ; --                                ; 0.42 mW (0.00 mW)                 ; |top_level|shared_frame_storage:SHARED_GREEN|frame_ram:bank_4                                                                                        ;
;             |altsyncram:mem_rtl_0                      ; 4.07 mW (0.00 mW)                    ; 3.66 mW (0.00 mW)               ; --                                ; 0.42 mW (0.00 mW)                 ; |top_level|shared_frame_storage:SHARED_GREEN|frame_ram:bank_4|altsyncram:mem_rtl_0                                                                   ;
;                 |altsyncram_t9p1:auto_generated        ; 4.07 mW (4.07 mW)                    ; 3.66 mW (3.66 mW)               ; --                                ; 0.42 mW (0.42 mW)                 ; |top_level|shared_frame_storage:SHARED_GREEN|frame_ram:bank_4|altsyncram:mem_rtl_0|altsyncram_t9p1:auto_generated                                    ;
;         |frame_ram:bank_5                              ; 3.80 mW (0.00 mW)                    ; 3.66 mW (0.00 mW)               ; --                                ; 0.15 mW (0.00 mW)                 ; |top_level|shared_frame_storage:SHARED_GREEN|frame_ram:bank_5                                                                                        ;
;             |altsyncram:mem_rtl_0                      ; 3.80 mW (0.00 mW)                    ; 3.66 mW (0.00 mW)               ; --                                ; 0.15 mW (0.00 mW)                 ; |top_level|shared_frame_storage:SHARED_GREEN|frame_ram:bank_5|altsyncram:mem_rtl_0                                                                   ;
;                 |altsyncram_t9p1:auto_generated        ; 3.80 mW (3.80 mW)                    ; 3.66 mW (3.66 mW)               ; --                                ; 0.15 mW (0.15 mW)                 ; |top_level|shared_frame_storage:SHARED_GREEN|frame_ram:bank_5|altsyncram:mem_rtl_0|altsyncram_t9p1:auto_generated                                    ;
;         |frame_ram:bank_6                              ; 3.82 mW (0.00 mW)                    ; 3.66 mW (0.00 mW)               ; --                                ; 0.17 mW (0.00 mW)                 ; |top_level|shared_frame_storage:SHARED_GREEN|frame_ram:bank_6                                                                                        ;
;             |altsyncram:mem_rtl_0                      ; 3.82 mW (0.00 mW)                    ; 3.66 mW (0.00 mW)               ; --                                ; 0.17 mW (0.00 mW)                 ; |top_level|shared_frame_storage:SHARED_GREEN|frame_ram:bank_6|altsyncram:mem_rtl_0                                                                   ;
;                 |altsyncram_t9p1:auto_generated        ; 3.82 mW (3.82 mW)                    ; 3.66 mW (3.66 mW)               ; --                                ; 0.17 mW (0.17 mW)                 ; |top_level|shared_frame_storage:SHARED_GREEN|frame_ram:bank_6|altsyncram:mem_rtl_0|altsyncram_t9p1:auto_generated                                    ;
;         |frame_ram:bank_7                              ; 3.74 mW (0.00 mW)                    ; 3.65 mW (0.00 mW)               ; --                                ; 0.08 mW (0.00 mW)                 ; |top_level|shared_frame_storage:SHARED_GREEN|frame_ram:bank_7                                                                                        ;
;             |altsyncram:mem_rtl_0                      ; 3.74 mW (0.00 mW)                    ; 3.65 mW (0.00 mW)               ; --                                ; 0.08 mW (0.00 mW)                 ; |top_level|shared_frame_storage:SHARED_GREEN|frame_ram:bank_7|altsyncram:mem_rtl_0                                                                   ;
;                 |altsyncram_t9p1:auto_generated        ; 3.74 mW (3.74 mW)                    ; 3.65 mW (3.65 mW)               ; --                                ; 0.08 mW (0.08 mW)                 ; |top_level|shared_frame_storage:SHARED_GREEN|frame_ram:bank_7|altsyncram:mem_rtl_0|altsyncram_t9p1:auto_generated                                    ;
;         |frame_ram:bank_8                              ; 3.80 mW (0.00 mW)                    ; 3.65 mW (0.00 mW)               ; --                                ; 0.14 mW (0.00 mW)                 ; |top_level|shared_frame_storage:SHARED_GREEN|frame_ram:bank_8                                                                                        ;
;             |altsyncram:mem_rtl_0                      ; 3.80 mW (0.00 mW)                    ; 3.65 mW (0.00 mW)               ; --                                ; 0.14 mW (0.00 mW)                 ; |top_level|shared_frame_storage:SHARED_GREEN|frame_ram:bank_8|altsyncram:mem_rtl_0                                                                   ;
;                 |altsyncram_t9p1:auto_generated        ; 3.80 mW (3.80 mW)                    ; 3.65 mW (3.65 mW)               ; --                                ; 0.14 mW (0.14 mW)                 ; |top_level|shared_frame_storage:SHARED_GREEN|frame_ram:bank_8|altsyncram:mem_rtl_0|altsyncram_t9p1:auto_generated                                    ;
;         |frame_ram:bank_8v                             ; 3.96 mW (0.00 mW)                    ; 3.58 mW (0.00 mW)               ; --                                ; 0.39 mW (0.00 mW)                 ; |top_level|shared_frame_storage:SHARED_GREEN|frame_ram:bank_8v                                                                                       ;
;             |altsyncram:mem_rtl_0                      ; 3.96 mW (0.00 mW)                    ; 3.58 mW (0.00 mW)               ; --                                ; 0.39 mW (0.00 mW)                 ; |top_level|shared_frame_storage:SHARED_GREEN|frame_ram:bank_8v|altsyncram:mem_rtl_0                                                                  ;
;                 |altsyncram_t9p1:auto_generated        ; 3.96 mW (3.96 mW)                    ; 3.58 mW (3.58 mW)               ; --                                ; 0.39 mW (0.39 mW)                 ; |top_level|shared_frame_storage:SHARED_GREEN|frame_ram:bank_8v|altsyncram:mem_rtl_0|altsyncram_t9p1:auto_generated                                   ;
;         |frame_ram:bank_9                              ; 0.00 mW (0.00 mW)                    ; 0.00 mW (0.00 mW)               ; --                                ; 0.00 mW (0.00 mW)                 ; |top_level|shared_frame_storage:SHARED_GREEN|frame_ram:bank_9                                                                                        ;
;             |altsyncram:mem_rtl_0                      ; 0.00 mW (0.00 mW)                    ; 0.00 mW (0.00 mW)               ; --                                ; 0.00 mW (0.00 mW)                 ; |top_level|shared_frame_storage:SHARED_GREEN|frame_ram:bank_9|altsyncram:mem_rtl_0                                                                   ;
;                 |altsyncram_t9p1:auto_generated        ; 0.00 mW (0.00 mW)                    ; 0.00 mW (0.00 mW)               ; --                                ; 0.00 mW (0.00 mW)                 ; |top_level|shared_frame_storage:SHARED_GREEN|frame_ram:bank_9|altsyncram:mem_rtl_0|altsyncram_t9p1:auto_generated                                    ;
;         |frame_ram:bank_10                             ; 0.00 mW (0.00 mW)                    ; 0.00 mW (0.00 mW)               ; --                                ; 0.00 mW (0.00 mW)                 ; |top_level|shared_frame_storage:SHARED_GREEN|frame_ram:bank_10                                                                                       ;
;             |altsyncram:mem_rtl_0                      ; 0.00 mW (0.00 mW)                    ; 0.00 mW (0.00 mW)               ; --                                ; 0.00 mW (0.00 mW)                 ; |top_level|shared_frame_storage:SHARED_GREEN|frame_ram:bank_10|altsyncram:mem_rtl_0                                                                  ;
;                 |altsyncram_t9p1:auto_generated        ; 0.00 mW (0.00 mW)                    ; 0.00 mW (0.00 mW)               ; --                                ; 0.00 mW (0.00 mW)                 ; |top_level|shared_frame_storage:SHARED_GREEN|frame_ram:bank_10|altsyncram:mem_rtl_0|altsyncram_t9p1:auto_generated                                   ;
;         |frame_ram:bank_11                             ; 0.00 mW (0.00 mW)                    ; 0.00 mW (0.00 mW)               ; --                                ; 0.00 mW (0.00 mW)                 ; |top_level|shared_frame_storage:SHARED_GREEN|frame_ram:bank_11                                                                                       ;
;             |altsyncram:mem_rtl_0                      ; 0.00 mW (0.00 mW)                    ; 0.00 mW (0.00 mW)               ; --                                ; 0.00 mW (0.00 mW)                 ; |top_level|shared_frame_storage:SHARED_GREEN|frame_ram:bank_11|altsyncram:mem_rtl_0                                                                  ;
;                 |altsyncram_t9p1:auto_generated        ; 0.00 mW (0.00 mW)                    ; 0.00 mW (0.00 mW)               ; --                                ; 0.00 mW (0.00 mW)                 ; |top_level|shared_frame_storage:SHARED_GREEN|frame_ram:bank_11|altsyncram:mem_rtl_0|altsyncram_t9p1:auto_generated                                   ;
;     |shared_frame_storage:SHARED_RED                   ; 42.84 mW (4.59 mW)                   ; 36.87 mW (0.69 mW)              ; --                                ; 5.97 mW (3.91 mW)                 ; |top_level|shared_frame_storage:SHARED_RED                                                                                                           ;
;         |frame_ram:bank_0                              ; 3.85 mW (0.00 mW)                    ; 3.60 mW (0.00 mW)               ; --                                ; 0.25 mW (0.00 mW)                 ; |top_level|shared_frame_storage:SHARED_RED|frame_ram:bank_0                                                                                          ;
;             |altsyncram:mem_rtl_0                      ; 3.85 mW (0.00 mW)                    ; 3.60 mW (0.00 mW)               ; --                                ; 0.25 mW (0.00 mW)                 ; |top_level|shared_frame_storage:SHARED_RED|frame_ram:bank_0|altsyncram:mem_rtl_0                                                                     ;
;                 |altsyncram_t9p1:auto_generated        ; 3.85 mW (3.85 mW)                    ; 3.60 mW (3.60 mW)               ; --                                ; 0.25 mW (0.25 mW)                 ; |top_level|shared_frame_storage:SHARED_RED|frame_ram:bank_0|altsyncram:mem_rtl_0|altsyncram_t9p1:auto_generated                                      ;
;         |frame_ram:bank_1                              ; 3.78 mW (0.00 mW)                    ; 3.58 mW (0.00 mW)               ; --                                ; 0.21 mW (0.00 mW)                 ; |top_level|shared_frame_storage:SHARED_RED|frame_ram:bank_1                                                                                          ;
;             |altsyncram:mem_rtl_0                      ; 3.78 mW (0.00 mW)                    ; 3.58 mW (0.00 mW)               ; --                                ; 0.21 mW (0.00 mW)                 ; |top_level|shared_frame_storage:SHARED_RED|frame_ram:bank_1|altsyncram:mem_rtl_0                                                                     ;
;                 |altsyncram_t9p1:auto_generated        ; 3.78 mW (3.78 mW)                    ; 3.58 mW (3.58 mW)               ; --                                ; 0.21 mW (0.21 mW)                 ; |top_level|shared_frame_storage:SHARED_RED|frame_ram:bank_1|altsyncram:mem_rtl_0|altsyncram_t9p1:auto_generated                                      ;
;         |frame_ram:bank_2                              ; 3.77 mW (0.00 mW)                    ; 3.58 mW (0.00 mW)               ; --                                ; 0.18 mW (0.00 mW)                 ; |top_level|shared_frame_storage:SHARED_RED|frame_ram:bank_2                                                                                          ;
;             |altsyncram:mem_rtl_0                      ; 3.77 mW (0.00 mW)                    ; 3.58 mW (0.00 mW)               ; --                                ; 0.18 mW (0.00 mW)                 ; |top_level|shared_frame_storage:SHARED_RED|frame_ram:bank_2|altsyncram:mem_rtl_0                                                                     ;
;                 |altsyncram_t9p1:auto_generated        ; 3.77 mW (3.77 mW)                    ; 3.58 mW (3.58 mW)               ; --                                ; 0.18 mW (0.18 mW)                 ; |top_level|shared_frame_storage:SHARED_RED|frame_ram:bank_2|altsyncram:mem_rtl_0|altsyncram_t9p1:auto_generated                                      ;
;         |frame_ram:bank_3                              ; 3.83 mW (0.00 mW)                    ; 3.58 mW (0.00 mW)               ; --                                ; 0.25 mW (0.00 mW)                 ; |top_level|shared_frame_storage:SHARED_RED|frame_ram:bank_3                                                                                          ;
;             |altsyncram:mem_rtl_0                      ; 3.83 mW (0.00 mW)                    ; 3.58 mW (0.00 mW)               ; --                                ; 0.25 mW (0.00 mW)                 ; |top_level|shared_frame_storage:SHARED_RED|frame_ram:bank_3|altsyncram:mem_rtl_0                                                                     ;
;                 |altsyncram_t9p1:auto_generated        ; 3.83 mW (3.83 mW)                    ; 3.58 mW (3.58 mW)               ; --                                ; 0.25 mW (0.25 mW)                 ; |top_level|shared_frame_storage:SHARED_RED|frame_ram:bank_3|altsyncram:mem_rtl_0|altsyncram_t9p1:auto_generated                                      ;
;         |frame_ram:bank_4                              ; 3.90 mW (0.00 mW)                    ; 3.66 mW (0.00 mW)               ; --                                ; 0.25 mW (0.00 mW)                 ; |top_level|shared_frame_storage:SHARED_RED|frame_ram:bank_4                                                                                          ;
;             |altsyncram:mem_rtl_0                      ; 3.90 mW (0.00 mW)                    ; 3.66 mW (0.00 mW)               ; --                                ; 0.25 mW (0.00 mW)                 ; |top_level|shared_frame_storage:SHARED_RED|frame_ram:bank_4|altsyncram:mem_rtl_0                                                                     ;
;                 |altsyncram_t9p1:auto_generated        ; 3.90 mW (3.90 mW)                    ; 3.66 mW (3.66 mW)               ; --                                ; 0.25 mW (0.25 mW)                 ; |top_level|shared_frame_storage:SHARED_RED|frame_ram:bank_4|altsyncram:mem_rtl_0|altsyncram_t9p1:auto_generated                                      ;
;         |frame_ram:bank_5                              ; 3.83 mW (0.00 mW)                    ; 3.66 mW (0.00 mW)               ; --                                ; 0.18 mW (0.00 mW)                 ; |top_level|shared_frame_storage:SHARED_RED|frame_ram:bank_5                                                                                          ;
;             |altsyncram:mem_rtl_0                      ; 3.83 mW (0.00 mW)                    ; 3.66 mW (0.00 mW)               ; --                                ; 0.18 mW (0.00 mW)                 ; |top_level|shared_frame_storage:SHARED_RED|frame_ram:bank_5|altsyncram:mem_rtl_0                                                                     ;
;                 |altsyncram_t9p1:auto_generated        ; 3.83 mW (3.83 mW)                    ; 3.66 mW (3.66 mW)               ; --                                ; 0.18 mW (0.18 mW)                 ; |top_level|shared_frame_storage:SHARED_RED|frame_ram:bank_5|altsyncram:mem_rtl_0|altsyncram_t9p1:auto_generated                                      ;
;         |frame_ram:bank_6                              ; 3.80 mW (0.00 mW)                    ; 3.66 mW (0.00 mW)               ; --                                ; 0.14 mW (0.00 mW)                 ; |top_level|shared_frame_storage:SHARED_RED|frame_ram:bank_6                                                                                          ;
;             |altsyncram:mem_rtl_0                      ; 3.80 mW (0.00 mW)                    ; 3.66 mW (0.00 mW)               ; --                                ; 0.14 mW (0.00 mW)                 ; |top_level|shared_frame_storage:SHARED_RED|frame_ram:bank_6|altsyncram:mem_rtl_0                                                                     ;
;                 |altsyncram_t9p1:auto_generated        ; 3.80 mW (3.80 mW)                    ; 3.66 mW (3.66 mW)               ; --                                ; 0.14 mW (0.14 mW)                 ; |top_level|shared_frame_storage:SHARED_RED|frame_ram:bank_6|altsyncram:mem_rtl_0|altsyncram_t9p1:auto_generated                                      ;
;         |frame_ram:bank_7                              ; 3.86 mW (0.00 mW)                    ; 3.65 mW (0.00 mW)               ; --                                ; 0.20 mW (0.00 mW)                 ; |top_level|shared_frame_storage:SHARED_RED|frame_ram:bank_7                                                                                          ;
;             |altsyncram:mem_rtl_0                      ; 3.86 mW (0.00 mW)                    ; 3.65 mW (0.00 mW)               ; --                                ; 0.20 mW (0.00 mW)                 ; |top_level|shared_frame_storage:SHARED_RED|frame_ram:bank_7|altsyncram:mem_rtl_0                                                                     ;
;                 |altsyncram_t9p1:auto_generated        ; 3.86 mW (3.86 mW)                    ; 3.65 mW (3.65 mW)               ; --                                ; 0.20 mW (0.20 mW)                 ; |top_level|shared_frame_storage:SHARED_RED|frame_ram:bank_7|altsyncram:mem_rtl_0|altsyncram_t9p1:auto_generated                                      ;
;         |frame_ram:bank_8                              ; 3.78 mW (0.00 mW)                    ; 3.65 mW (0.00 mW)               ; --                                ; 0.12 mW (0.00 mW)                 ; |top_level|shared_frame_storage:SHARED_RED|frame_ram:bank_8                                                                                          ;
;             |altsyncram:mem_rtl_0                      ; 3.78 mW (0.00 mW)                    ; 3.65 mW (0.00 mW)               ; --                                ; 0.12 mW (0.00 mW)                 ; |top_level|shared_frame_storage:SHARED_RED|frame_ram:bank_8|altsyncram:mem_rtl_0                                                                     ;
;                 |altsyncram_t9p1:auto_generated        ; 3.78 mW (3.78 mW)                    ; 3.65 mW (3.65 mW)               ; --                                ; 0.12 mW (0.12 mW)                 ; |top_level|shared_frame_storage:SHARED_RED|frame_ram:bank_8|altsyncram:mem_rtl_0|altsyncram_t9p1:auto_generated                                      ;
;         |frame_ram:bank_8v                             ; 3.85 mW (0.00 mW)                    ; 3.58 mW (0.00 mW)               ; --                                ; 0.27 mW (0.00 mW)                 ; |top_level|shared_frame_storage:SHARED_RED|frame_ram:bank_8v                                                                                         ;
;             |altsyncram:mem_rtl_0                      ; 3.85 mW (0.00 mW)                    ; 3.58 mW (0.00 mW)               ; --                                ; 0.27 mW (0.00 mW)                 ; |top_level|shared_frame_storage:SHARED_RED|frame_ram:bank_8v|altsyncram:mem_rtl_0                                                                    ;
;                 |altsyncram_t9p1:auto_generated        ; 3.85 mW (3.85 mW)                    ; 3.58 mW (3.58 mW)               ; --                                ; 0.27 mW (0.27 mW)                 ; |top_level|shared_frame_storage:SHARED_RED|frame_ram:bank_8v|altsyncram:mem_rtl_0|altsyncram_t9p1:auto_generated                                     ;
;         |frame_ram:bank_9                              ; 0.00 mW (0.00 mW)                    ; 0.00 mW (0.00 mW)               ; --                                ; 0.00 mW (0.00 mW)                 ; |top_level|shared_frame_storage:SHARED_RED|frame_ram:bank_9                                                                                          ;
;             |altsyncram:mem_rtl_0                      ; 0.00 mW (0.00 mW)                    ; 0.00 mW (0.00 mW)               ; --                                ; 0.00 mW (0.00 mW)                 ; |top_level|shared_frame_storage:SHARED_RED|frame_ram:bank_9|altsyncram:mem_rtl_0                                                                     ;
;                 |altsyncram_t9p1:auto_generated        ; 0.00 mW (0.00 mW)                    ; 0.00 mW (0.00 mW)               ; --                                ; 0.00 mW (0.00 mW)                 ; |top_level|shared_frame_storage:SHARED_RED|frame_ram:bank_9|altsyncram:mem_rtl_0|altsyncram_t9p1:auto_generated                                      ;
;         |frame_ram:bank_10                             ; 0.00 mW (0.00 mW)                    ; 0.00 mW (0.00 mW)               ; --                                ; 0.00 mW (0.00 mW)                 ; |top_level|shared_frame_storage:SHARED_RED|frame_ram:bank_10                                                                                         ;
;             |altsyncram:mem_rtl_0                      ; 0.00 mW (0.00 mW)                    ; 0.00 mW (0.00 mW)               ; --                                ; 0.00 mW (0.00 mW)                 ; |top_level|shared_frame_storage:SHARED_RED|frame_ram:bank_10|altsyncram:mem_rtl_0                                                                    ;
;                 |altsyncram_t9p1:auto_generated        ; 0.00 mW (0.00 mW)                    ; 0.00 mW (0.00 mW)               ; --                                ; 0.00 mW (0.00 mW)                 ; |top_level|shared_frame_storage:SHARED_RED|frame_ram:bank_10|altsyncram:mem_rtl_0|altsyncram_t9p1:auto_generated                                     ;
;         |frame_ram:bank_11                             ; 0.00 mW (0.00 mW)                    ; 0.00 mW (0.00 mW)               ; --                                ; 0.00 mW (0.00 mW)                 ; |top_level|shared_frame_storage:SHARED_RED|frame_ram:bank_11                                                                                         ;
;             |altsyncram:mem_rtl_0                      ; 0.00 mW (0.00 mW)                    ; 0.00 mW (0.00 mW)               ; --                                ; 0.00 mW (0.00 mW)                 ; |top_level|shared_frame_storage:SHARED_RED|frame_ram:bank_11|altsyncram:mem_rtl_0                                                                    ;
;                 |altsyncram_t9p1:auto_generated        ; 0.00 mW (0.00 mW)                    ; 0.00 mW (0.00 mW)               ; --                                ; 0.00 mW (0.00 mW)                 ; |top_level|shared_frame_storage:SHARED_RED|frame_ram:bank_11|altsyncram:mem_rtl_0|altsyncram_t9p1:auto_generated                                     ;
;     |hard_block:auto_generated_inst                    ; 0.00 mW (0.00 mW)                    ; 0.00 mW (0.00 mW)               ; --                                ; 0.00 mW (0.00 mW)                 ; |top_level|hard_block:auto_generated_inst                                                                                                            ;
;     |altshift_taps:epi_column_idx_in_rtl_0             ; 111.74 mW (0.00 mW)                  ; 81.13 mW (0.00 mW)              ; --                                ; 30.61 mW (0.00 mW)                ; |top_level|altshift_taps:epi_column_idx_in_rtl_0                                                                                                     ;
;         |shift_taps_92v:auto_generated                 ; 111.74 mW (0.43 mW)                  ; 81.13 mW (0.01 mW)              ; --                                ; 30.61 mW (0.42 mW)                ; |top_level|altshift_taps:epi_column_idx_in_rtl_0|shift_taps_92v:auto_generated                                                                       ;
;             |altsyncram_b2a1:altsyncram4               ; 110.60 mW (110.60 mW)                ; 81.12 mW (81.12 mW)             ; --                                ; 29.48 mW (29.48 mW)               ; |top_level|altshift_taps:epi_column_idx_in_rtl_0|shift_taps_92v:auto_generated|altsyncram_b2a1:altsyncram4                                           ;
;             |cntr_ohf:cntr1                            ; 0.71 mW (0.71 mW)                    ; 0.00 mW (0.00 mW)               ; --                                ; 0.71 mW (0.71 mW)                 ; |top_level|altshift_taps:epi_column_idx_in_rtl_0|shift_taps_92v:auto_generated|cntr_ohf:cntr1                                                        ;
+--------------------------------------------------------+--------------------------------------+---------------------------------+-----------------------------------+-----------------------------------+------------------------------------------------------------------------------------------------------------------------------------------------------+
(1) Value in parentheses is the power consumed at that level of hierarchy. Value not in parentheses is the power consumed at that level of hierarchy plus the power consumed by all levels of hierarchy below it.

(2) The "Block Thermal Static Power" for all levels of hierarchy except the top-level hierarchy is part of the "Core Static Thermal Power Dissipation" value found on the PowerPlay Power Analyzer-->Summary report panel. The "Core Static Thermal Power Dissipation" also contains the thermal static power dissipated by the routing.


+-----------------------------------------------------------------+
; Core Dynamic Thermal Power Dissipation by Clock Domain          ;
+--------------+-----------------------+--------------------------+
; Clock Domain ; Clock Frequency (MHz) ; Total Core Dynamic Power ;
+--------------+-----------------------+--------------------------+
; CLOCK_50     ; 75.00                 ; 537.65                   ;
+--------------+-----------------------+--------------------------+


+------------------------------------------------------------------------------------------------------------------------------------+
; Current Drawn from Voltage Supplies Summary                                                                                        ;
+----------------+-------------------------+---------------------------+--------------------------+----------------------------------+
; Voltage Supply ; Total Current Drawn (1) ; Dynamic Current Drawn (1) ; Static Current Drawn (1) ; Minimum Power Supply Current (2) ;
+----------------+-------------------------+---------------------------+--------------------------+----------------------------------+
; VCC            ; 545.36 mA               ; 489.21 mA                 ; 56.15 mA                 ; 545.36 mA                        ;
; VCCIO          ; 1.32 mA                 ; 0.36 mA                   ; 0.96 mA                  ; 1.32 mA                          ;
; VCCPD          ; 2.59 mA                 ; 0.16 mA                   ; 2.43 mA                  ; 2.59 mA                          ;
; VCCA_FPLL      ; 2.03 mA                 ; 0.00 mA                   ; 2.03 mA                  ; 2.03 mA                          ;
; VCCPGM         ; 0.33 mA                 ; 0.00 mA                   ; 0.33 mA                  ; 0.33 mA                          ;
; VCCBAT         ; 0.00 mA                 ; 0.00 mA                   ; 0.00 mA                  ; 0.00 mA                          ;
; VCCE_GXB       ; 0.00 mA                 ; 0.00 mA                   ; 0.00 mA                  ; 0.00 mA                          ;
; VCCL_GXB       ; 0.00 mA                 ; 0.00 mA                   ; 0.00 mA                  ; 0.00 mA                          ;
; VCCH_GXB       ; 0.00 mA                 ; 0.00 mA                   ; 0.00 mA                  ; 0.00 mA                          ;
; VCCAUX         ; 87.28 mA                ; 0.00 mA                   ; 87.28 mA                 ; 87.28 mA                         ;
; VCC_HPS        ; 9.84 mA                 ; 0.00 mA                   ; 9.84 mA                  ; 9.84 mA                          ;
; VCCIO_HPS      ; 0.00 mA                 ; 0.00 mA                   ; 0.00 mA                  ; 0.00 mA                          ;
; VCCPD_HPS      ; 0.00 mA                 ; 0.00 mA                   ; 0.00 mA                  ; 0.00 mA                          ;
; VCCRSTCLK_HPS  ; 0.14 mA                 ; 0.00 mA                   ; 0.14 mA                  ; 0.14 mA                          ;
; VCCPLL_HPS     ; 0.66 mA                 ; 0.00 mA                   ; 0.66 mA                  ; 0.66 mA                          ;
; VCCAUX_SHARED  ; 48.86 mA                ; 0.00 mA                   ; 48.86 mA                 ; 48.86 mA                         ;
+----------------+-------------------------+---------------------------+--------------------------+----------------------------------+
(1) Currents reported in columns "Total Current Drawn", "Dynamic Current Drawn", and "Static Current Drawn" are sufficient for user operation of the device.  
(2) Currents reported in column "Minimum Power Supply Current" do not include transient power-up currents. For transient power-up currents, see the device family datasheet, errata sheet, and/or ES guidelines document, as appropriate. 


+-----------------------------------------------------------------------------------------------+
; VCCIO Supply Current Drawn by I/O Bank                                                        ;
+----------+---------------+---------------------+-----------------------+----------------------+
; I/O Bank ; VCCIO Voltage ; Total Current Drawn ; Dynamic Current Drawn ; Static Current Drawn ;
+----------+---------------+---------------------+-----------------------+----------------------+
; B2L      ; --            ; --                  ; --                    ; --                   ;
; B1L      ; --            ; --                  ; --                    ; --                   ;
; B0L      ; --            ; --                  ; --                    ; --                   ;
; 3A       ; 2.5V          ; 0.07 mA             ; 0.00 mA               ; 0.07 mA              ;
; 3B       ; 2.5V          ; 0.08 mA             ; 0.01 mA               ; 0.08 mA              ;
; 4A       ; 2.5V          ; 0.07 mA             ; 0.00 mA               ; 0.07 mA              ;
; 5A       ; 2.5V          ; 0.07 mA             ; 0.00 mA               ; 0.07 mA              ;
; 5B       ; 2.5V          ; 0.10 mA             ; 0.03 mA               ; 0.07 mA              ;
; 6B       ; 2.5V          ; 0.07 mA             ; 0.00 mA               ; 0.07 mA              ;
; 6A       ; 2.5V          ; 0.07 mA             ; 0.00 mA               ; 0.07 mA              ;
; 7A       ; 2.5V          ; 0.07 mA             ; 0.00 mA               ; 0.07 mA              ;
; 7B       ; 2.5V          ; 0.07 mA             ; 0.00 mA               ; 0.07 mA              ;
; 7C       ; 2.5V          ; 0.07 mA             ; 0.00 mA               ; 0.07 mA              ;
; 7D       ; 2.5V          ; 0.07 mA             ; 0.00 mA               ; 0.07 mA              ;
; 8A       ; 2.5V          ; 0.50 mA             ; 0.32 mA               ; 0.18 mA              ;
; 9A       ; --            ; --                  ; --                    ; --                   ;
+----------+---------------+---------------------+-----------------------+----------------------+


+-----------------------------------------------------------------------------------------------------------------------------------+
; VCCIO Supply Current Drawn by Voltage                                                                                             ;
+---------------+-------------------------+---------------------------+--------------------------+----------------------------------+
; VCCIO Voltage ; Total Current Drawn (1) ; Dynamic Current Drawn (1) ; Static Current Drawn (1) ; Minimum Power Supply Current (2) ;
+---------------+-------------------------+---------------------------+--------------------------+----------------------------------+
; 2.5V          ; 1.32 mA                 ; 0.36 mA                   ; 0.96 mA                  ; 1.32 mA                          ;
+---------------+-------------------------+---------------------------+--------------------------+----------------------------------+
(1) Currents reported in columns "Total Current Drawn", "Dynamic Current Drawn", and "Static Current Drawn" are sufficient for user operation of the device.  
(2) Currents reported in column "Minimum Power Supply Current" do not include transient power-up currents. For transient power-up currents, see the device family datasheet, errata sheet, and/or ES guidelines document, as appropriate. 


+-----------------------------------------------------------------------------------------------+
; VCCPD Supply Current Drawn by I/O Bank                                                        ;
+----------+---------------+---------------------+-----------------------+----------------------+
; I/O Bank ; VCCPD Voltage ; Total Current Drawn ; Dynamic Current Drawn ; Static Current Drawn ;
+----------+---------------+---------------------+-----------------------+----------------------+
; B2L      ; --            ; --                  ; --                    ; --                   ;
; B1L      ; --            ; --                  ; --                    ; --                   ;
; B0L      ; --            ; --                  ; --                    ; --                   ;
; 3A       ; 2.5V          ; 0.20 mA             ; 0.00 mA               ; 0.20 mA              ;
; 3B       ; 2.5V          ; 0.20 mA             ; 0.00 mA               ; 0.20 mA              ;
; 4A       ; 2.5V          ; 0.20 mA             ; 0.00 mA               ; 0.20 mA              ;
; 5A       ; 2.5V          ; 0.20 mA             ; 0.00 mA               ; 0.20 mA              ;
; 5B       ; 2.5V          ; 0.20 mA             ; 0.01 mA               ; 0.20 mA              ;
; 6B       ; 2.5V          ; 0.20 mA             ; 0.00 mA               ; 0.20 mA              ;
; 6A       ; 2.5V          ; 0.20 mA             ; 0.00 mA               ; 0.20 mA              ;
; 7A       ; 2.5V          ; 0.20 mA             ; 0.00 mA               ; 0.20 mA              ;
; 7B       ; 2.5V          ; 0.20 mA             ; 0.00 mA               ; 0.20 mA              ;
; 7C       ; 2.5V          ; 0.20 mA             ; 0.00 mA               ; 0.20 mA              ;
; 7D       ; 2.5V          ; 0.20 mA             ; 0.00 mA               ; 0.20 mA              ;
; 8A       ; 2.5V          ; 0.42 mA             ; 0.15 mA               ; 0.27 mA              ;
; 9A       ; --            ; --                  ; --                    ; --                   ;
+----------+---------------+---------------------+-----------------------+----------------------+


+-----------------------------------------------------------------------------------------------------------------------------------+
; VCCPD Supply Current Drawn by Voltage                                                                                             ;
+---------------+-------------------------+---------------------------+--------------------------+----------------------------------+
; VCCPD Voltage ; Total Current Drawn (1) ; Dynamic Current Drawn (1) ; Static Current Drawn (1) ; Minimum Power Supply Current (2) ;
+---------------+-------------------------+---------------------------+--------------------------+----------------------------------+
; 2.5V          ; 2.59 mA                 ; 0.16 mA                   ; 2.43 mA                  ; 2.59 mA                          ;
+---------------+-------------------------+---------------------------+--------------------------+----------------------------------+
(1) Currents reported in columns "Total Current Drawn", "Dynamic Current Drawn", and "Static Current Drawn" are sufficient for user operation of the device.  
(2) Currents reported in column "Minimum Power Supply Current" do not include transient power-up currents. For transient power-up currents, see the device family datasheet, errata sheet, and/or ES guidelines document, as appropriate. 


+-------------------------------------------------------------------------------------------------------------------------------------------------------+
; Confidence Metric Details                                                                                                                             ;
+----------------------------------------------------------------------------------------+----------------+-------------+---------------+---------------+
; Data Source                                                                            ; Total          ; Pin         ; Registered    ; Combinational ;
+----------------------------------------------------------------------------------------+----------------+-------------+---------------+---------------+
; Simulation (from file)                                                                 ;                ;             ;               ;               ;
;     -- Simulation time nodes in unknown state                                          ; 20.7%          ;             ;               ;               ;
;     -- Number of signals with Toggle Rate from Simulation                              ; 6412 (4.8%)    ; 84 (100.0%) ; 6128 (9.1%)   ; 200 (0.3%)    ;
;     -- Number of signals with Zero toggle rate, from Simulation                        ; 593 (0.4%)     ; 12 (14.3%)  ; 550 (0.8%)    ; 31 (0.0%)     ;
;     -- Number of signals with Static Probability from Simulation                       ; 6412 (4.8%)    ; 84 (100.0%) ; 6128 (9.1%)   ; 200 (0.3%)    ;
;                                                                                        ;                ;             ;               ;               ;
; Node, entity or clock assignment                                                       ;                ;             ;               ;               ;
;     -- Number of signals with Toggle Rate from Node, entity or clock assignment        ; 1 (0.0%)       ; 0 (0.0%)    ; 0 (0.0%)      ; 1 (0.0%)      ;
;     -- Number of signals with Static Probability from Node, entity or clock assignment ; 1 (0.0%)       ; 0 (0.0%)    ; 0 (0.0%)      ; 1 (0.0%)      ;
;                                                                                        ;                ;             ;               ;               ;
; Vectorless estimation                                                                  ;                ;             ;               ;               ;
;     -- Number of signals with Toggle Rate from Vectorless estimation                   ; 126881 (95.2%) ; 0 (0.0%)    ; 61377 (90.9%) ; 65504 (99.7%) ;
;     -- Number of signals with Zero toggle rate, from Vectorless estimation             ; 15775 (11.8%)  ; 0 (0.0%)    ; 11014 (16.3%) ; 4761 (7.2%)   ;
;     -- Number of signals with Static Probability from Vectorless estimation            ; 126881 (95.2%) ; 0 (0.0%)    ; 61377 (90.9%) ; 65504 (99.7%) ;
;                                                                                        ;                ;             ;               ;               ;
; Default assignment                                                                     ;                ;             ;               ;               ;
;     -- Number of signals with Toggle Rate from Default assignment                      ; 0 (0.0%)       ; 0 (0.0%)    ; 0 (0.0%)      ; 0 (0.0%)      ;
;     -- Number of signals with Static Probability from Default assignment               ; 0 (0.0%)       ; 0 (0.0%)    ; 0 (0.0%)      ; 0 (0.0%)      ;
;                                                                                        ;                ;             ;               ;               ;
; Assumed 0                                                                              ;                ;             ;               ;               ;
;     -- Number of signals with Toggle Rate assumed 0                                    ; 0 (0.0%)       ; 0 (0.0%)    ; 0 (0.0%)      ; 0 (0.0%)      ;
+----------------------------------------------------------------------------------------+----------------+-------------+---------------+---------------+


+-----------------------------------------------------------------------------------------------------------------------------------------------------+
; Signal Activities                                                                                                                                   ;
+--------+------+---------------------------------------------+-----------------------------+--------------------+------------------------------------+
; Signal ; Type ; Toggle Rate (millions of transitions / sec) ; Toggle Rate Data Source (1) ; Static Probability ; Static Probability Data Source (1) ;
+--------+------+---------------------------------------------+-----------------------------+--------------------+------------------------------------+
(1) The "Signal Activity" Table has been hidden. To show this table, please select the "Write signal activities to report file" option under "PowerPlay Power Analyzer Settings".


+-------------------------+
; Power Analyzer Messages ;
+-------------------------+
Info: *******************************************************************
Info: Running Quartus Prime Power Analyzer
    Info: Version 20.1.0 Build 711 06/05/2020 SJ Lite Edition
    Info: Processing started: Wed Apr  1 21:19:25 2026
Info: Command: quartus_pow --read_settings_files=on --write_settings_files=off Thesis_Project_Standard -c Thesis_Project_Standard
Info (21077): Low junction temperature is 0 degrees C
Info (21077): High junction temperature is 85 degrees C
Info (222002): Starting scan of VCD file simulation/modelsim/dump_tl.vcd (0 ns to End of File) for signal static probabilities and transition densities
Info (222003): Finished scan of VCD file simulation/modelsim/dump_tl.vcd (0 ns to End of File) for signal static probabilities and transition densities
Info (332104): Reading SDC File: 'Thesis_Project_Standard.sdc'
Info (332151): Clock uncertainty is not calculated until you update the timing netlist.
Info (332123): Deriving Clock Uncertainty. Please refer to report_sdc in the Timing Analyzer to see clock uncertainties.
Info (223000): Starting Vectorless Power Activity Estimation
Info (223001): Completed Vectorless Power Activity Estimation
Info (215037): Detailed signal activity file source information is not written to output Signal Activity File.
Critical Warning (215050): HPS power is being analyzed for a device with an HPS without HPS power.
Info (218000): Using Advanced I/O Power to simulate I/O buffers with the specified board trace model
Info (334003): Started post-fitting delay annotation
Info (334004): Delay annotation completed successfully
Info (215049): Average toggle rate for this design is 7.715 millions of transitions / sec
Info (215031): Total thermal power estimate for the design is 968.85 mW
Info: Quartus Prime Power Analyzer was successful. 0 errors, 1 warning
    Info: Peak virtual memory: 2171 megabytes
    Info: Processing ended: Wed Apr  1 21:23:19 2026
    Info: Elapsed time: 00:03:54
    Info: Total CPU time (on all processors): 00:05:19


