------------------------------------------------------------
Timing Analyzer Summary
------------------------------------------------------------

Type  : Slow 1100mV 85C Model Setup 'CLOCK_75'
Slack : 0.926
TNS   : 0.000

Type  : Slow 1100mV 85C Model Hold 'CLOCK_75'
Slack : 0.209
TNS   : 0.000

Type  : Slow 1100mV 85C Model Minimum Pulse Width 'CLOCK_75'
Slack : 5.508
TNS   : 0.000

Type  : Slow 1100mV 0C Model Setup 'CLOCK_75'
Slack : 0.539
TNS   : 0.000

Type  : Slow 1100mV 0C Model Hold 'CLOCK_75'
Slack : 0.077
TNS   : 0.000

Type  : Slow 1100mV 0C Model Minimum Pulse Width 'CLOCK_75'
Slack : 5.460
TNS   : 0.000

Type  : Fast 1100mV 85C Model Setup 'CLOCK_75'
Slack : 6.976
TNS   : 0.000

Type  : Fast 1100mV 85C Model Hold 'CLOCK_75'
Slack : 0.133
TNS   : 0.000

Type  : Fast 1100mV 85C Model Minimum Pulse Width 'CLOCK_75'
Slack : 5.458
TNS   : 0.000

Type  : Fast 1100mV 0C Model Setup 'CLOCK_75'
Slack : 7.336
TNS   : 0.000

Type  : Fast 1100mV 0C Model Hold 'CLOCK_75'
Slack : 0.087
TNS   : 0.000

Type  : Fast 1100mV 0C Model Minimum Pulse Width 'CLOCK_75'
Slack : 5.450
TNS   : 0.000

------------------------------------------------------------
