------------------------------------------------------------
Timing Analyzer Summary
------------------------------------------------------------

Type  : Slow 1100mV 85C Model Setup 'CLOCK_50'
Slack : -9.192
TNS   : -3103.712

Type  : Slow 1100mV 85C Model Hold 'CLOCK_50'
Slack : 0.245
TNS   : 0.000

Type  : Slow 1100mV 85C Model Minimum Pulse Width 'CLOCK_50'
Slack : -2.174
TNS   : -1193.600

Type  : Slow 1100mV 0C Model Setup 'CLOCK_50'
Slack : -9.288
TNS   : -2985.756

Type  : Slow 1100mV 0C Model Hold 'CLOCK_50'
Slack : 0.229
TNS   : 0.000

Type  : Slow 1100mV 0C Model Minimum Pulse Width 'CLOCK_50'
Slack : -2.174
TNS   : -1225.744

Type  : Fast 1100mV 85C Model Setup 'CLOCK_50'
Slack : -4.864
TNS   : -1509.432

Type  : Fast 1100mV 85C Model Hold 'CLOCK_50'
Slack : 0.145
TNS   : 0.000

Type  : Fast 1100mV 85C Model Minimum Pulse Width 'CLOCK_50'
Slack : -2.174
TNS   : -828.405

Type  : Fast 1100mV 0C Model Setup 'CLOCK_50'
Slack : -4.472
TNS   : -1279.301

Type  : Fast 1100mV 0C Model Hold 'CLOCK_50'
Slack : 0.134
TNS   : 0.000

Type  : Fast 1100mV 0C Model Minimum Pulse Width 'CLOCK_50'
Slack : -2.174
TNS   : -829.038

------------------------------------------------------------
