------------------------------------------------------------
Timing Analyzer Summary
------------------------------------------------------------

Type  : Slow 1100mV 85C Model Setup 'CLOCK_50'
Slack : -8.542
TNS   : -38030.595

Type  : Slow 1100mV 85C Model Hold 'CLOCK_50'
Slack : 0.274
TNS   : 0.000

Type  : Slow 1100mV 85C Model Minimum Pulse Width 'CLOCK_50'
Slack : -0.394
TNS   : -5053.356

Type  : Slow 1100mV 0C Model Setup 'CLOCK_50'
Slack : -8.780
TNS   : -36093.178

Type  : Slow 1100mV 0C Model Hold 'CLOCK_50'
Slack : 0.250
TNS   : 0.000

Type  : Slow 1100mV 0C Model Minimum Pulse Width 'CLOCK_50'
Slack : -0.394
TNS   : -5465.223

Type  : Fast 1100mV 85C Model Setup 'CLOCK_50'
Slack : -4.455
TNS   : -20179.642

Type  : Fast 1100mV 85C Model Hold 'CLOCK_50'
Slack : 0.179
TNS   : 0.000

Type  : Fast 1100mV 85C Model Minimum Pulse Width 'CLOCK_50'
Slack : -0.087
TNS   : -735.195

Type  : Fast 1100mV 0C Model Setup 'CLOCK_50'
Slack : -4.060
TNS   : -16884.484

Type  : Fast 1100mV 0C Model Hold 'CLOCK_50'
Slack : 0.156
TNS   : 0.000

Type  : Fast 1100mV 0C Model Minimum Pulse Width 'CLOCK_50'
Slack : -0.085
TNS   : -748.241

------------------------------------------------------------
