Power Analyzer report for Thesis_Project_Bit_Manipulation
Thu Apr  2 12:00:19 2026
Quartus Prime Version 20.1.0 Build 711 06/05/2020 SJ Lite Edition


---------------------
; Table of Contents ;
---------------------
  1. Legal Notice
  2. Parallel Compilation
  3. Power Analyzer Summary
  4. Power Analyzer Settings
  5. Power Analyzer Simulation Files Read
  6. Operating Conditions Used
  7. Thermal Power Dissipation by Block
  8. Thermal Power Dissipation by Block Type
  9. Thermal Power Dissipation by Hierarchy
 10. Core Dynamic Thermal Power Dissipation by Clock Domain
 11. Current Drawn from Voltage Supplies Summary
 12. VCCIO Supply Current Drawn by I/O Bank
 13. VCCIO Supply Current Drawn by Voltage
 14. VCCPD Supply Current Drawn by I/O Bank
 15. VCCPD Supply Current Drawn by Voltage
 16. Confidence Metric Details
 17. Signal Activities
 18. Power Analyzer Messages



----------------
; Legal Notice ;
----------------
Copyright (C) 2020  Intel Corporation. All rights reserved.
Your use of Intel Corporation's design tools, logic functions 
and other software and tools, and any partner logic 
functions, and any output files from any of the foregoing 
(including device programming or simulation files), and any 
associated documentation or information are expressly subject 
to the terms and conditions of the Intel Program License 
Subscription Agreement, the Intel Quartus Prime License Agreement,
the Intel FPGA IP License Agreement, or other applicable license
agreement, including, without limitation, that your use is for
the sole purpose of programming logic devices manufactured by
Intel and sold by Intel or its authorized distributors.  Please
refer to the applicable agreement for further details, at
https://fpgasoftware.intel.com/eula.



+------------------------------------------+
; Parallel Compilation                     ;
+----------------------------+-------------+
; Processors                 ; Number      ;
+----------------------------+-------------+
; Number detected on machine ; 8           ;
; Maximum allowed            ; 4           ;
;                            ;             ;
; Average used               ; 1.37        ;
; Maximum used               ; 4           ;
;                            ;             ;
; Usage by Processor         ; % Time Used ;
;     Processor 1            ; 100.0%      ;
;     Processor 2            ;  12.2%      ;
;     Processor 3            ;  12.2%      ;
;     Processor 4            ;  12.2%      ;
+----------------------------+-------------+


+-------------------------------------------------------------------------------------------+
; Power Analyzer Summary                                                                    ;
+----------------------------------------+--------------------------------------------------+
; Power Analyzer Status                  ; Successful - Thu Apr  2 12:00:18 2026            ;
; Quartus Prime Version                  ; 20.1.0 Build 711 06/05/2020 SJ Lite Edition      ;
; Revision Name                          ; Thesis_Project_Bit_Manipulation                  ;
; Top-level Entity Name                  ; top_level                                        ;
; Family                                 ; Cyclone V                                        ;
; Device                                 ; 5CSEMA5F31C6                                     ;
; Power Models                           ; Final                                            ;
; Total Thermal Power Dissipation        ; 1925.90 mW                                       ;
; Core Dynamic Thermal Power Dissipation ; 1484.97 mW                                       ;
; Core Static Thermal Power Dissipation  ; 424.64 mW                                        ;
; I/O Thermal Power Dissipation          ; 16.28 mW                                         ;
; Power Estimation Confidence            ; Low: user provided insufficient toggle rate data ;
+----------------------------------------+--------------------------------------------------+


+--------------------------------------------------------------------------------------------------------------------------+
; Power Analyzer Settings                                                                                                  ;
+------------------------------------------------------------------+---------------------------------------+---------------+
; Option                                                           ; Setting                               ; Default Value ;
+------------------------------------------------------------------+---------------------------------------+---------------+
; Maximum processors allowed for parallel compilation              ; 4                                     ;               ;
; Use smart compilation                                            ; Off                                   ; Off           ;
; Enable parallel Assembler and Timing Analyzer during compilation ; On                                    ; On            ;
; Enable compact report table                                      ; Off                                   ; Off           ;
; Use Input Files                                                  ; On                                    ; Off           ;
; Preset Cooling Solution                                          ; 23 MM HEAT SINK WITH 200 LFPM AIRFLOW ;               ;
; Board thermal model                                              ; None (CONSERVATIVE)                   ;               ;
; Default Power Toggle Rate                                        ; 12.5%                                 ; 12.5%         ;
; Default Power Input I/O Toggle Rate                              ; 12.5%                                 ; 12.5%         ;
; Use vectorless estimation                                        ; On                                    ; On            ;
; Filter Glitches in VCD File Reader                               ; On                                    ; On            ;
; Power Analyzer Report Signal Activity                            ; Off                                   ; Off           ;
; Power Analyzer Report Power Dissipation                          ; Off                                   ; Off           ;
; Device Power Characteristics                                     ; TYPICAL                               ; TYPICAL       ;
; Automatically Compute Junction Temperature                       ; On                                    ; On            ;
; Specified Junction Temperature                                   ; 25                                    ; 25            ;
; Ambient Temperature                                              ; 25                                    ; 25            ;
; Use Custom Cooling Solution                                      ; Off                                   ; Off           ;
; Board Temperature                                                ; 25                                    ; 25            ;
; Enable HPS                                                       ; Off                                   ; Off           ;
; Processor Frequency                                              ; 0.0                                   ; 0.0           ;
+------------------------------------------------------------------+---------------------------------------+---------------+


+---------------------------------------------------------------------------------------------------------------------------+
; Power Analyzer Simulation Files Read                                                                                      ;
+---------+---------------------------------+-----------+------------+----------------+--------------+-----------+----------+
; File ID ; File Name                       ; File Type ; Entity     ; VCD Start Time ; VCD End Time ; Unknown % ; Toggle % ;
+---------+---------------------------------+-----------+------------+----------------+--------------+-----------+----------+
; f1      ; simulation/modelsim/dump_tl.vcd ; VCD       ; |top_level ; N/A            ; N/A          ; 22.9%     ; 91.2%    ;
+---------+---------------------------------+-----------+------------+----------------+--------------+-----------+----------+


+-------------------------------------------------------------------------+
; Operating Conditions Used                                               ;
+---------------------------------------------+---------------------------+
; Setting                                     ; Value                     ;
+---------------------------------------------+---------------------------+
; Device power characteristics                ; Typical                   ;
;                                             ;                           ;
; Voltages                                    ;                           ;
;     VCC                                     ; 1.10 V                    ;
;     VCCA_FPLL                               ; 2.50 V                    ;
;     VCCPGM                                  ; 1.80 V                    ;
;     VCCBAT                                  ; 1.20 V                    ;
;     VCCE_GXB                                ; 1.10 V                    ;
;     VCCL_GXB                                ; 1.10 V                    ;
;     VCCH_GXB                                ; 2.50 V                    ;
;     VCCAUX                                  ; 2.50 V                    ;
;     VCC_HPS                                 ; 1.10 V                    ;
;     VCCRSTCLK_HPS                           ; 1.80 V                    ;
;     VCCPLL_HPS                              ; 2.50 V                    ;
;     VCCAUX_SHARED                           ; 2.50 V                    ;
;     2.5 V I/O Standard                      ; 2.5 V                     ;
;                                             ;                           ;
; Auto computed junction temperature          ; 33.7 degrees Celsius      ;
;     Ambient temperature                     ; 25.0 degrees Celsius      ;
;     Junction-to-Case thermal resistance     ; 2.30 degrees Celsius/Watt ;
;     Case-to-Heat Sink thermal resistance    ; 0.10 degrees Celsius/Watt ;
;     Heat Sink-to-Ambient thermal resistance ; 2.10 degrees Celsius/Watt ;
;                                             ;                           ;
; Board model used                            ; None                      ;
+---------------------------------------------+---------------------------+


+----------------------------------------------------------------------------------------------------------------------------------------------+
; Thermal Power Dissipation by Block                                                                                                           ;
+------------+------------+---------------------+-----------------------------+--------------------------------+-------------------------------+
; Block Name ; Block Type ; Total Thermal Power ; Block Thermal Dynamic Power ; Block Thermal Static Power (1) ; Routing Thermal Dynamic Power ;
+------------+------------+---------------------+-----------------------------+--------------------------------+-------------------------------+
(1) The "Thermal Power Dissipation by Block" Table has been hidden. To show this table, please select the "Write power dissipation by block to report file" option under "PowerPlay Power Analyzer Settings".


+-------------------------------------------------------------------------------------------------------------------------------------------------------------------------------------------------------------------+
; Thermal Power Dissipation by Block Type                                                                                                                                                                           ;
+--------------------+-----------------------------------+-----------------------------+--------------------------------+-------------------------------+-----------------------------------------------------------+
; Block Type         ; Total Thermal Power by Block Type ; Block Thermal Dynamic Power ; Block Thermal Static Power (1) ; Routing Thermal Dynamic Power ; Block Average Toggle Rate (millions of transitions / sec) ;
+--------------------+-----------------------------------+-----------------------------+--------------------------------+-------------------------------+-----------------------------------------------------------+
; M10K block         ; 586.89 mW                         ; 559.60 mW                   ; --                             ; 27.29 mW                      ;   25.055                                                  ;
; DSP block          ; 65.42 mW                          ; 44.46 mW                    ; --                             ; 20.96 mW                      ;   82.655                                                  ;
; Combinational cell ; 166.58 mW                         ; 89.85 mW                    ; --                             ; 76.73 mW                      ;   17.414                                                  ;
; Clock enable block ; 123.40 mW                         ; 0.00 mW                     ; --                             ; 123.40 mW                     ;  390.016                                                  ;
; Register cell      ; 439.49 mW                         ; 136.64 mW                   ; --                             ; 302.85 mW                     ;   17.783                                                  ;
; MLAB cell          ; 102.76 mW                         ; 31.33 mW                    ; --                             ; 71.43 mW                      ;   97.504                                                  ;
; I/O                ; 8.71 mW                           ; 5.73 mW                     ; 2.55 mW                        ; 0.43 mW                       ;   23.146                                                  ;
+--------------------+-----------------------------------+-----------------------------+--------------------------------+-------------------------------+-----------------------------------------------------------+
(1) The "Block Thermal Static Power" for all block types except Pins and the Voltage Regulator, if one exists, is part of the "Core Static Thermal Power Dissipation" value found on the PowerPlay Power Analyzer-->Summary report panel. The "Core Static Thermal Power Dissipation" also contains the thermal static power dissipated by the routing.


+----------------------------------------------------------------------------------------------------------------------------------------------------------------------------------------------------------------------------------------------------------------------------------------------------------------------------------------------------------------+
; Thermal Power Dissipation by Hierarchy                                                                                                                                                                                                                                                                                                                         ;
+--------------------------------------------------------+--------------------------------------+---------------------------------+-----------------------------------+-----------------------------------+------------------------------------------------------------------------------------------------------------------------------------------------------+
; Compilation Hierarchy Node                             ; Total Thermal Power by Hierarchy (1) ; Block Thermal Dynamic Power (1) ; Block Thermal Static Power (1)(2) ; Routing Thermal Dynamic Power (1) ; Full Hierarchy Name                                                                                                                                  ;
+--------------------------------------------------------+--------------------------------------+---------------------------------+-----------------------------------+-----------------------------------+------------------------------------------------------------------------------------------------------------------------------------------------------+
; |top_level                                             ; 1493.26 mW (137.59 mW)               ; 867.61 mW (7.12 mW)             ; 2.55 mW (2.55 mW)                 ; 623.09 mW (127.92 mW)             ; |top_level                                                                                                                                           ;
;     |bit_shift_low_pass_filter:BSLPF_BLUE              ; 12.13 mW (12.13 mW)                  ; 10.56 mW (10.56 mW)             ; --                                ; 1.56 mW (1.56 mW)                 ; |top_level|bit_shift_low_pass_filter:BSLPF_BLUE                                                                                                      ;
;     |bit_shift_low_pass_filter:BSLPF_GREEN             ; 18.02 mW (18.02 mW)                  ; 9.68 mW (9.68 mW)               ; --                                ; 8.34 mW (8.34 mW)                 ; |top_level|bit_shift_low_pass_filter:BSLPF_GREEN                                                                                                     ;
;     |bit_shift_low_pass_filter:BSLPF_RED               ; 11.28 mW (11.28 mW)                  ; 9.82 mW (9.82 mW)               ; --                                ; 1.46 mW (1.46 mW)                 ; |top_level|bit_shift_low_pass_filter:BSLPF_RED                                                                                                       ;
;     |confidence_computer:CONF_COMP_BLUE                ; 2.82 mW (2.82 mW)                    ; 1.07 mW (1.07 mW)               ; --                                ; 1.75 mW (1.75 mW)                 ; |top_level|confidence_computer:CONF_COMP_BLUE                                                                                                        ;
;     |confidence_computer:CONF_COMP_GREEN               ; 2.68 mW (2.68 mW)                    ; 1.06 mW (1.06 mW)               ; --                                ; 1.62 mW (1.62 mW)                 ; |top_level|confidence_computer:CONF_COMP_GREEN                                                                                                       ;
;     |confidence_computer:CONF_COMP_RED                 ; 2.66 mW (2.66 mW)                    ; 1.10 mW (1.10 mW)               ; --                                ; 1.56 mW (1.56 mW)                 ; |top_level|confidence_computer:CONF_COMP_RED                                                                                                         ;
;     |disparity_estimator:DISP_EST_BLUE                 ; 191.30 mW (185.26 mW)                ; 73.52 mW (70.45 mW)             ; --                                ; 117.77 mW (114.80 mW)             ; |top_level|disparity_estimator:DISP_EST_BLUE                                                                                                         ;
;         |altshift_taps:sign_state_pipe_rtl_0           ; 2.59 mW (0.00 mW)                    ; 2.37 mW (0.00 mW)               ; --                                ; 0.22 mW (0.00 mW)                 ; |top_level|disparity_estimator:DISP_EST_BLUE|altshift_taps:sign_state_pipe_rtl_0                                                                     ;
;             |shift_taps_h0v:auto_generated             ; 2.59 mW (0.08 mW)                    ; 2.37 mW (0.04 mW)               ; --                                ; 0.22 mW (0.05 mW)                 ; |top_level|disparity_estimator:DISP_EST_BLUE|altshift_taps:sign_state_pipe_rtl_0|shift_taps_h0v:auto_generated                                       ;
;                 |altsyncram_6v91:altsyncram5           ; 2.29 mW (2.29 mW)                    ; 2.26 mW (2.26 mW)               ; --                                ; 0.03 mW (0.03 mW)                 ; |top_level|disparity_estimator:DISP_EST_BLUE|altshift_taps:sign_state_pipe_rtl_0|shift_taps_h0v:auto_generated|altsyncram_6v91:altsyncram5           ;
;                 |cntr_5lf:cntr1                        ; 0.22 mW (0.22 mW)                    ; 0.07 mW (0.07 mW)               ; --                                ; 0.14 mW (0.14 mW)                 ; |top_level|disparity_estimator:DISP_EST_BLUE|altshift_taps:sign_state_pipe_rtl_0|shift_taps_h0v:auto_generated|cntr_5lf:cntr1                        ;
;         |altshift_taps:spatial_derivatives_valid_rtl_0 ; 3.45 mW (0.00 mW)                    ; 0.71 mW (0.00 mW)               ; --                                ; 2.75 mW (0.00 mW)                 ; |top_level|disparity_estimator:DISP_EST_BLUE|altshift_taps:spatial_derivatives_valid_rtl_0                                                           ;
;             |shift_taps_5vu:auto_generated             ; 3.45 mW (0.04 mW)                    ; 0.71 mW (0.02 mW)               ; --                                ; 2.75 mW (0.03 mW)                 ; |top_level|disparity_estimator:DISP_EST_BLUE|altshift_taps:spatial_derivatives_valid_rtl_0|shift_taps_5vu:auto_generated                             ;
;                 |altsyncram_5s91:altsyncram5           ; 3.26 mW (3.26 mW)                    ; 0.67 mW (0.67 mW)               ; --                                ; 2.59 mW (2.59 mW)                 ; |top_level|disparity_estimator:DISP_EST_BLUE|altshift_taps:spatial_derivatives_valid_rtl_0|shift_taps_5vu:auto_generated|altsyncram_5s91:altsyncram5 ;
;                 |cntr_rhf:cntr1                        ; 0.15 mW (0.15 mW)                    ; 0.02 mW (0.02 mW)               ; --                                ; 0.13 mW (0.13 mW)                 ; |top_level|disparity_estimator:DISP_EST_BLUE|altshift_taps:spatial_derivatives_valid_rtl_0|shift_taps_5vu:auto_generated|cntr_rhf:cntr1              ;
;     |disparity_estimator:DISP_EST_GREEN                ; 173.17 mW (173.17 mW)                ; 70.08 mW (70.08 mW)             ; --                                ; 103.10 mW (103.10 mW)             ; |top_level|disparity_estimator:DISP_EST_GREEN                                                                                                        ;
;     |disparity_estimator:DISP_EST_RED                  ; 179.43 mW (174.10 mW)                ; 74.57 mW (69.83 mW)             ; --                                ; 104.86 mW (104.28 mW)             ; |top_level|disparity_estimator:DISP_EST_RED                                                                                                          ;
;         |altshift_taps:prod_column_idx_rtl_0           ; 2.79 mW (0.00 mW)                    ; 2.37 mW (0.00 mW)               ; --                                ; 0.42 mW (0.00 mW)                 ; |top_level|disparity_estimator:DISP_EST_RED|altshift_taps:prod_column_idx_rtl_0                                                                      ;
;             |shift_taps_42v:auto_generated             ; 2.79 mW (0.12 mW)                    ; 2.37 mW (0.04 mW)               ; --                                ; 0.42 mW (0.08 mW)                 ; |top_level|disparity_estimator:DISP_EST_RED|altshift_taps:prod_column_idx_rtl_0|shift_taps_42v:auto_generated                                        ;
;                 |altsyncram_d2a1:altsyncram5           ; 2.45 mW (2.45 mW)                    ; 2.26 mW (2.26 mW)               ; --                                ; 0.19 mW (0.19 mW)                 ; |top_level|disparity_estimator:DISP_EST_RED|altshift_taps:prod_column_idx_rtl_0|shift_taps_42v:auto_generated|altsyncram_d2a1:altsyncram5            ;
;                 |cntr_9lf:cntr1                        ; 0.22 mW (0.22 mW)                    ; 0.07 mW (0.07 mW)               ; --                                ; 0.15 mW (0.15 mW)                 ; |top_level|disparity_estimator:DISP_EST_RED|altshift_taps:prod_column_idx_rtl_0|shift_taps_42v:auto_generated|cntr_9lf:cntr1                         ;
;         |altshift_taps:sum2_orientation_rtl_0          ; 2.54 mW (0.00 mW)                    ; 2.37 mW (0.00 mW)               ; --                                ; 0.17 mW (0.00 mW)                 ; |top_level|disparity_estimator:DISP_EST_RED|altshift_taps:sum2_orientation_rtl_0                                                                     ;
;             |shift_taps_g0v:auto_generated             ; 2.54 mW (0.09 mW)                    ; 2.37 mW (0.04 mW)               ; --                                ; 0.17 mW (0.05 mW)                 ; |top_level|disparity_estimator:DISP_EST_RED|altshift_taps:sum2_orientation_rtl_0|shift_taps_g0v:auto_generated                                       ;
;                 |altsyncram_5v91:altsyncram5           ; 2.26 mW (2.26 mW)                    ; 2.26 mW (2.26 mW)               ; --                                ; 0.00 mW (0.00 mW)                 ; |top_level|disparity_estimator:DISP_EST_RED|altshift_taps:sum2_orientation_rtl_0|shift_taps_g0v:auto_generated|altsyncram_5v91:altsyncram5           ;
;                 |cntr_7lf:cntr1                        ; 0.19 mW (0.19 mW)                    ; 0.07 mW (0.07 mW)               ; --                                ; 0.11 mW (0.11 mW)                 ; |top_level|disparity_estimator:DISP_EST_RED|altshift_taps:sum2_orientation_rtl_0|shift_taps_g0v:auto_generated|cntr_7lf:cntr1                        ;
;     |epi_compiler:EPIC_BLUE                            ; 93.28 mW (93.28 mW)                  ; 87.08 mW (87.08 mW)             ; --                                ; 6.20 mW (6.20 mW)                 ; |top_level|epi_compiler:EPIC_BLUE                                                                                                                    ;
;     |epi_compiler:EPIC_GREEN                           ; 90.04 mW (90.04 mW)                  ; 85.94 mW (85.94 mW)             ; --                                ; 4.10 mW (4.10 mW)                 ; |top_level|epi_compiler:EPIC_GREEN                                                                                                                   ;
;     |epi_compiler:EPIC_RED                             ; 90.24 mW (90.24 mW)                  ; 86.48 mW (86.48 mW)             ; --                                ; 3.76 mW (3.76 mW)                 ; |top_level|epi_compiler:EPIC_RED                                                                                                                     ;
;     |fused_aligned_output:FAO_RGB                      ; 25.22 mW (22.59 mW)                  ; 15.73 mW (13.41 mW)             ; --                                ; 9.48 mW (9.19 mW)                 ; |top_level|fused_aligned_output:FAO_RGB                                                                                                              ;
;         |altshift_taps:crop_ok_8d_rtl_0                ; 2.62 mW (0.00 mW)                    ; 2.33 mW (0.00 mW)               ; --                                ; 0.30 mW (0.00 mW)                 ; |top_level|fused_aligned_output:FAO_RGB|altshift_taps:crop_ok_8d_rtl_0                                                                               ;
;             |shift_taps_l0v:auto_generated             ; 2.62 mW (0.07 mW)                    ; 2.33 mW (0.03 mW)               ; --                                ; 0.30 mW (0.04 mW)                 ; |top_level|fused_aligned_output:FAO_RGB|altshift_taps:crop_ok_8d_rtl_0|shift_taps_l0v:auto_generated                                                 ;
;                 |altsyncram_bv91:altsyncram5           ; 2.40 mW (2.40 mW)                    ; 2.26 mW (2.26 mW)               ; --                                ; 0.15 mW (0.15 mW)                 ; |top_level|fused_aligned_output:FAO_RGB|altshift_taps:crop_ok_8d_rtl_0|shift_taps_l0v:auto_generated|altsyncram_bv91:altsyncram5                     ;
;                 |cntr_hjf:cntr1                        ; 0.15 mW (0.15 mW)                    ; 0.04 mW (0.04 mW)               ; --                                ; 0.11 mW (0.11 mW)                 ; |top_level|fused_aligned_output:FAO_RGB|altshift_taps:crop_ok_8d_rtl_0|shift_taps_l0v:auto_generated|cntr_hjf:cntr1                                  ;
;     |shared_frame_storage:SHARED_BLUE                  ; 50.48 mW (11.74 mW)                  ; 39.44 mW (1.60 mW)              ; --                                ; 11.04 mW (10.14 mW)               ; |top_level|shared_frame_storage:SHARED_BLUE                                                                                                          ;
;         |frame_ram:bank_0                              ; 0.00 mW (0.00 mW)                    ; 0.00 mW (0.00 mW)               ; --                                ; 0.00 mW (0.00 mW)                 ; |top_level|shared_frame_storage:SHARED_BLUE|frame_ram:bank_0                                                                                         ;
;             |altsyncram:mem_rtl_0                      ; 0.00 mW (0.00 mW)                    ; 0.00 mW (0.00 mW)               ; --                                ; 0.00 mW (0.00 mW)                 ; |top_level|shared_frame_storage:SHARED_BLUE|frame_ram:bank_0|altsyncram:mem_rtl_0                                                                    ;
;                 |altsyncram_t9p1:auto_generated        ; 0.00 mW (0.00 mW)                    ; 0.00 mW (0.00 mW)               ; --                                ; 0.00 mW (0.00 mW)                 ; |top_level|shared_frame_storage:SHARED_BLUE|frame_ram:bank_0|altsyncram:mem_rtl_0|altsyncram_t9p1:auto_generated                                     ;
;         |frame_ram:bank_1                              ; 0.00 mW (0.00 mW)                    ; 0.00 mW (0.00 mW)               ; --                                ; 0.00 mW (0.00 mW)                 ; |top_level|shared_frame_storage:SHARED_BLUE|frame_ram:bank_1                                                                                         ;
;             |altsyncram:mem_rtl_0                      ; 0.00 mW (0.00 mW)                    ; 0.00 mW (0.00 mW)               ; --                                ; 0.00 mW (0.00 mW)                 ; |top_level|shared_frame_storage:SHARED_BLUE|frame_ram:bank_1|altsyncram:mem_rtl_0                                                                    ;
;                 |altsyncram_t9p1:auto_generated        ; 0.00 mW (0.00 mW)                    ; 0.00 mW (0.00 mW)               ; --                                ; 0.00 mW (0.00 mW)                 ; |top_level|shared_frame_storage:SHARED_BLUE|frame_ram:bank_1|altsyncram:mem_rtl_0|altsyncram_t9p1:auto_generated                                     ;
;         |frame_ram:bank_2                              ; 0.00 mW (0.00 mW)                    ; 0.00 mW (0.00 mW)               ; --                                ; 0.00 mW (0.00 mW)                 ; |top_level|shared_frame_storage:SHARED_BLUE|frame_ram:bank_2                                                                                         ;
;             |altsyncram:mem_rtl_0                      ; 0.00 mW (0.00 mW)                    ; 0.00 mW (0.00 mW)               ; --                                ; 0.00 mW (0.00 mW)                 ; |top_level|shared_frame_storage:SHARED_BLUE|frame_ram:bank_2|altsyncram:mem_rtl_0                                                                    ;
;                 |altsyncram_t9p1:auto_generated        ; 0.00 mW (0.00 mW)                    ; 0.00 mW (0.00 mW)               ; --                                ; 0.00 mW (0.00 mW)                 ; |top_level|shared_frame_storage:SHARED_BLUE|frame_ram:bank_2|altsyncram:mem_rtl_0|altsyncram_t9p1:auto_generated                                     ;
;         |frame_ram:bank_3                              ; 0.00 mW (0.00 mW)                    ; 0.00 mW (0.00 mW)               ; --                                ; 0.00 mW (0.00 mW)                 ; |top_level|shared_frame_storage:SHARED_BLUE|frame_ram:bank_3                                                                                         ;
;             |altsyncram:mem_rtl_0                      ; 0.00 mW (0.00 mW)                    ; 0.00 mW (0.00 mW)               ; --                                ; 0.00 mW (0.00 mW)                 ; |top_level|shared_frame_storage:SHARED_BLUE|frame_ram:bank_3|altsyncram:mem_rtl_0                                                                    ;
;                 |altsyncram_t9p1:auto_generated        ; 0.00 mW (0.00 mW)                    ; 0.00 mW (0.00 mW)               ; --                                ; 0.00 mW (0.00 mW)                 ; |top_level|shared_frame_storage:SHARED_BLUE|frame_ram:bank_3|altsyncram:mem_rtl_0|altsyncram_t9p1:auto_generated                                     ;
;         |frame_ram:bank_4                              ; 0.00 mW (0.00 mW)                    ; 0.00 mW (0.00 mW)               ; --                                ; 0.00 mW (0.00 mW)                 ; |top_level|shared_frame_storage:SHARED_BLUE|frame_ram:bank_4                                                                                         ;
;             |altsyncram:mem_rtl_0                      ; 0.00 mW (0.00 mW)                    ; 0.00 mW (0.00 mW)               ; --                                ; 0.00 mW (0.00 mW)                 ; |top_level|shared_frame_storage:SHARED_BLUE|frame_ram:bank_4|altsyncram:mem_rtl_0                                                                    ;
;                 |altsyncram_t9p1:auto_generated        ; 0.00 mW (0.00 mW)                    ; 0.00 mW (0.00 mW)               ; --                                ; 0.00 mW (0.00 mW)                 ; |top_level|shared_frame_storage:SHARED_BLUE|frame_ram:bank_4|altsyncram:mem_rtl_0|altsyncram_t9p1:auto_generated                                     ;
;         |frame_ram:bank_5                              ; 9.72 mW (0.00 mW)                    ; 9.51 mW (0.00 mW)               ; --                                ; 0.21 mW (0.00 mW)                 ; |top_level|shared_frame_storage:SHARED_BLUE|frame_ram:bank_5                                                                                         ;
;             |altsyncram:mem_rtl_0                      ; 9.72 mW (0.00 mW)                    ; 9.51 mW (0.00 mW)               ; --                                ; 0.21 mW (0.00 mW)                 ; |top_level|shared_frame_storage:SHARED_BLUE|frame_ram:bank_5|altsyncram:mem_rtl_0                                                                    ;
;                 |altsyncram_t9p1:auto_generated        ; 9.72 mW (9.72 mW)                    ; 9.51 mW (9.51 mW)               ; --                                ; 0.21 mW (0.21 mW)                 ; |top_level|shared_frame_storage:SHARED_BLUE|frame_ram:bank_5|altsyncram:mem_rtl_0|altsyncram_t9p1:auto_generated                                     ;
;         |frame_ram:bank_6                              ; 9.78 mW (0.00 mW)                    ; 9.51 mW (0.00 mW)               ; --                                ; 0.27 mW (0.00 mW)                 ; |top_level|shared_frame_storage:SHARED_BLUE|frame_ram:bank_6                                                                                         ;
;             |altsyncram:mem_rtl_0                      ; 9.78 mW (0.00 mW)                    ; 9.51 mW (0.00 mW)               ; --                                ; 0.27 mW (0.00 mW)                 ; |top_level|shared_frame_storage:SHARED_BLUE|frame_ram:bank_6|altsyncram:mem_rtl_0                                                                    ;
;                 |altsyncram_t9p1:auto_generated        ; 9.78 mW (9.78 mW)                    ; 9.51 mW (9.51 mW)               ; --                                ; 0.27 mW (0.27 mW)                 ; |top_level|shared_frame_storage:SHARED_BLUE|frame_ram:bank_6|altsyncram:mem_rtl_0|altsyncram_t9p1:auto_generated                                     ;
;         |frame_ram:bank_7                              ; 9.73 mW (0.00 mW)                    ; 9.50 mW (0.00 mW)               ; --                                ; 0.23 mW (0.00 mW)                 ; |top_level|shared_frame_storage:SHARED_BLUE|frame_ram:bank_7                                                                                         ;
;             |altsyncram:mem_rtl_0                      ; 9.73 mW (0.00 mW)                    ; 9.50 mW (0.00 mW)               ; --                                ; 0.23 mW (0.00 mW)                 ; |top_level|shared_frame_storage:SHARED_BLUE|frame_ram:bank_7|altsyncram:mem_rtl_0                                                                    ;
;                 |altsyncram_t9p1:auto_generated        ; 9.73 mW (9.73 mW)                    ; 9.50 mW (9.50 mW)               ; --                                ; 0.23 mW (0.23 mW)                 ; |top_level|shared_frame_storage:SHARED_BLUE|frame_ram:bank_7|altsyncram:mem_rtl_0|altsyncram_t9p1:auto_generated                                     ;
;         |frame_ram:bank_8                              ; 9.51 mW (0.00 mW)                    ; 9.33 mW (0.00 mW)               ; --                                ; 0.18 mW (0.00 mW)                 ; |top_level|shared_frame_storage:SHARED_BLUE|frame_ram:bank_8                                                                                         ;
;             |altsyncram:mem_rtl_0                      ; 9.51 mW (0.00 mW)                    ; 9.33 mW (0.00 mW)               ; --                                ; 0.18 mW (0.00 mW)                 ; |top_level|shared_frame_storage:SHARED_BLUE|frame_ram:bank_8|altsyncram:mem_rtl_0                                                                    ;
;                 |altsyncram_t9p1:auto_generated        ; 9.51 mW (9.51 mW)                    ; 9.33 mW (9.33 mW)               ; --                                ; 0.18 mW (0.18 mW)                 ; |top_level|shared_frame_storage:SHARED_BLUE|frame_ram:bank_8|altsyncram:mem_rtl_0|altsyncram_t9p1:auto_generated                                     ;
;         |frame_ram:bank_8v                             ; 0.00 mW (0.00 mW)                    ; 0.00 mW (0.00 mW)               ; --                                ; 0.00 mW (0.00 mW)                 ; |top_level|shared_frame_storage:SHARED_BLUE|frame_ram:bank_8v                                                                                        ;
;             |altsyncram:mem_rtl_0                      ; 0.00 mW (0.00 mW)                    ; 0.00 mW (0.00 mW)               ; --                                ; 0.00 mW (0.00 mW)                 ; |top_level|shared_frame_storage:SHARED_BLUE|frame_ram:bank_8v|altsyncram:mem_rtl_0                                                                   ;
;                 |altsyncram_t9p1:auto_generated        ; 0.00 mW (0.00 mW)                    ; 0.00 mW (0.00 mW)               ; --                                ; 0.00 mW (0.00 mW)                 ; |top_level|shared_frame_storage:SHARED_BLUE|frame_ram:bank_8v|altsyncram:mem_rtl_0|altsyncram_t9p1:auto_generated                                    ;
;         |frame_ram:bank_9                              ; 0.00 mW (0.00 mW)                    ; 0.00 mW (0.00 mW)               ; --                                ; 0.00 mW (0.00 mW)                 ; |top_level|shared_frame_storage:SHARED_BLUE|frame_ram:bank_9                                                                                         ;
;             |altsyncram:mem_rtl_0                      ; 0.00 mW (0.00 mW)                    ; 0.00 mW (0.00 mW)               ; --                                ; 0.00 mW (0.00 mW)                 ; |top_level|shared_frame_storage:SHARED_BLUE|frame_ram:bank_9|altsyncram:mem_rtl_0                                                                    ;
;                 |altsyncram_t9p1:auto_generated        ; 0.00 mW (0.00 mW)                    ; 0.00 mW (0.00 mW)               ; --                                ; 0.00 mW (0.00 mW)                 ; |top_level|shared_frame_storage:SHARED_BLUE|frame_ram:bank_9|altsyncram:mem_rtl_0|altsyncram_t9p1:auto_generated                                     ;
;         |frame_ram:bank_10                             ; 0.00 mW (0.00 mW)                    ; 0.00 mW (0.00 mW)               ; --                                ; 0.00 mW (0.00 mW)                 ; |top_level|shared_frame_storage:SHARED_BLUE|frame_ram:bank_10                                                                                        ;
;             |altsyncram:mem_rtl_0                      ; 0.00 mW (0.00 mW)                    ; 0.00 mW (0.00 mW)               ; --                                ; 0.00 mW (0.00 mW)                 ; |top_level|shared_frame_storage:SHARED_BLUE|frame_ram:bank_10|altsyncram:mem_rtl_0                                                                   ;
;                 |altsyncram_t9p1:auto_generated        ; 0.00 mW (0.00 mW)                    ; 0.00 mW (0.00 mW)               ; --                                ; 0.00 mW (0.00 mW)                 ; |top_level|shared_frame_storage:SHARED_BLUE|frame_ram:bank_10|altsyncram:mem_rtl_0|altsyncram_t9p1:auto_generated                                    ;
;         |frame_ram:bank_11                             ; 0.00 mW (0.00 mW)                    ; 0.00 mW (0.00 mW)               ; --                                ; 0.00 mW (0.00 mW)                 ; |top_level|shared_frame_storage:SHARED_BLUE|frame_ram:bank_11                                                                                        ;
;             |altsyncram:mem_rtl_0                      ; 0.00 mW (0.00 mW)                    ; 0.00 mW (0.00 mW)               ; --                                ; 0.00 mW (0.00 mW)                 ; |top_level|shared_frame_storage:SHARED_BLUE|frame_ram:bank_11|altsyncram:mem_rtl_0                                                                   ;
;                 |altsyncram_t9p1:auto_generated        ; 0.00 mW (0.00 mW)                    ; 0.00 mW (0.00 mW)               ; --                                ; 0.00 mW (0.00 mW)                 ; |top_level|shared_frame_storage:SHARED_BLUE|frame_ram:bank_11|altsyncram:mem_rtl_0|altsyncram_t9p1:auto_generated                                    ;
;     |shared_frame_storage:SHARED_GREEN                 ; 51.30 mW (12.47 mW)                  ; 39.96 mW (1.95 mW)              ; --                                ; 11.34 mW (10.52 mW)               ; |top_level|shared_frame_storage:SHARED_GREEN                                                                                                         ;
;         |frame_ram:bank_0                              ; 0.00 mW (0.00 mW)                    ; 0.00 mW (0.00 mW)               ; --                                ; 0.00 mW (0.00 mW)                 ; |top_level|shared_frame_storage:SHARED_GREEN|frame_ram:bank_0                                                                                        ;
;             |altsyncram:mem_rtl_0                      ; 0.00 mW (0.00 mW)                    ; 0.00 mW (0.00 mW)               ; --                                ; 0.00 mW (0.00 mW)                 ; |top_level|shared_frame_storage:SHARED_GREEN|frame_ram:bank_0|altsyncram:mem_rtl_0                                                                   ;
;                 |altsyncram_t9p1:auto_generated        ; 0.00 mW (0.00 mW)                    ; 0.00 mW (0.00 mW)               ; --                                ; 0.00 mW (0.00 mW)                 ; |top_level|shared_frame_storage:SHARED_GREEN|frame_ram:bank_0|altsyncram:mem_rtl_0|altsyncram_t9p1:auto_generated                                    ;
;         |frame_ram:bank_1                              ; 0.00 mW (0.00 mW)                    ; 0.00 mW (0.00 mW)               ; --                                ; 0.00 mW (0.00 mW)                 ; |top_level|shared_frame_storage:SHARED_GREEN|frame_ram:bank_1                                                                                        ;
;             |altsyncram:mem_rtl_0                      ; 0.00 mW (0.00 mW)                    ; 0.00 mW (0.00 mW)               ; --                                ; 0.00 mW (0.00 mW)                 ; |top_level|shared_frame_storage:SHARED_GREEN|frame_ram:bank_1|altsyncram:mem_rtl_0                                                                   ;
;                 |altsyncram_t9p1:auto_generated        ; 0.00 mW (0.00 mW)                    ; 0.00 mW (0.00 mW)               ; --                                ; 0.00 mW (0.00 mW)                 ; |top_level|shared_frame_storage:SHARED_GREEN|frame_ram:bank_1|altsyncram:mem_rtl_0|altsyncram_t9p1:auto_generated                                    ;
;         |frame_ram:bank_2                              ; 0.00 mW (0.00 mW)                    ; 0.00 mW (0.00 mW)               ; --                                ; 0.00 mW (0.00 mW)                 ; |top_level|shared_frame_storage:SHARED_GREEN|frame_ram:bank_2                                                                                        ;
;             |altsyncram:mem_rtl_0                      ; 0.00 mW (0.00 mW)                    ; 0.00 mW (0.00 mW)               ; --                                ; 0.00 mW (0.00 mW)                 ; |top_level|shared_frame_storage:SHARED_GREEN|frame_ram:bank_2|altsyncram:mem_rtl_0                                                                   ;
;                 |altsyncram_t9p1:auto_generated        ; 0.00 mW (0.00 mW)                    ; 0.00 mW (0.00 mW)               ; --                                ; 0.00 mW (0.00 mW)                 ; |top_level|shared_frame_storage:SHARED_GREEN|frame_ram:bank_2|altsyncram:mem_rtl_0|altsyncram_t9p1:auto_generated                                    ;
;         |frame_ram:bank_3                              ; 0.00 mW (0.00 mW)                    ; 0.00 mW (0.00 mW)               ; --                                ; 0.00 mW (0.00 mW)                 ; |top_level|shared_frame_storage:SHARED_GREEN|frame_ram:bank_3                                                                                        ;
;             |altsyncram:mem_rtl_0                      ; 0.00 mW (0.00 mW)                    ; 0.00 mW (0.00 mW)               ; --                                ; 0.00 mW (0.00 mW)                 ; |top_level|shared_frame_storage:SHARED_GREEN|frame_ram:bank_3|altsyncram:mem_rtl_0                                                                   ;
;                 |altsyncram_t9p1:auto_generated        ; 0.00 mW (0.00 mW)                    ; 0.00 mW (0.00 mW)               ; --                                ; 0.00 mW (0.00 mW)                 ; |top_level|shared_frame_storage:SHARED_GREEN|frame_ram:bank_3|altsyncram:mem_rtl_0|altsyncram_t9p1:auto_generated                                    ;
;         |frame_ram:bank_4                              ; 0.00 mW (0.00 mW)                    ; 0.00 mW (0.00 mW)               ; --                                ; 0.00 mW (0.00 mW)                 ; |top_level|shared_frame_storage:SHARED_GREEN|frame_ram:bank_4                                                                                        ;
;             |altsyncram:mem_rtl_0                      ; 0.00 mW (0.00 mW)                    ; 0.00 mW (0.00 mW)               ; --                                ; 0.00 mW (0.00 mW)                 ; |top_level|shared_frame_storage:SHARED_GREEN|frame_ram:bank_4|altsyncram:mem_rtl_0                                                                   ;
;                 |altsyncram_t9p1:auto_generated        ; 0.00 mW (0.00 mW)                    ; 0.00 mW (0.00 mW)               ; --                                ; 0.00 mW (0.00 mW)                 ; |top_level|shared_frame_storage:SHARED_GREEN|frame_ram:bank_4|altsyncram:mem_rtl_0|altsyncram_t9p1:auto_generated                                    ;
;         |frame_ram:bank_5                              ; 9.81 mW (0.00 mW)                    ; 9.51 mW (0.00 mW)               ; --                                ; 0.30 mW (0.00 mW)                 ; |top_level|shared_frame_storage:SHARED_GREEN|frame_ram:bank_5                                                                                        ;
;             |altsyncram:mem_rtl_0                      ; 9.81 mW (0.00 mW)                    ; 9.51 mW (0.00 mW)               ; --                                ; 0.30 mW (0.00 mW)                 ; |top_level|shared_frame_storage:SHARED_GREEN|frame_ram:bank_5|altsyncram:mem_rtl_0                                                                   ;
;                 |altsyncram_t9p1:auto_generated        ; 9.81 mW (9.81 mW)                    ; 9.51 mW (9.51 mW)               ; --                                ; 0.30 mW (0.30 mW)                 ; |top_level|shared_frame_storage:SHARED_GREEN|frame_ram:bank_5|altsyncram:mem_rtl_0|altsyncram_t9p1:auto_generated                                    ;
;         |frame_ram:bank_6                              ; 9.70 mW (0.00 mW)                    ; 9.51 mW (0.00 mW)               ; --                                ; 0.19 mW (0.00 mW)                 ; |top_level|shared_frame_storage:SHARED_GREEN|frame_ram:bank_6                                                                                        ;
;             |altsyncram:mem_rtl_0                      ; 9.70 mW (0.00 mW)                    ; 9.51 mW (0.00 mW)               ; --                                ; 0.19 mW (0.00 mW)                 ; |top_level|shared_frame_storage:SHARED_GREEN|frame_ram:bank_6|altsyncram:mem_rtl_0                                                                   ;
;                 |altsyncram_t9p1:auto_generated        ; 9.70 mW (9.70 mW)                    ; 9.51 mW (9.51 mW)               ; --                                ; 0.19 mW (0.19 mW)                 ; |top_level|shared_frame_storage:SHARED_GREEN|frame_ram:bank_6|altsyncram:mem_rtl_0|altsyncram_t9p1:auto_generated                                    ;
;         |frame_ram:bank_7                              ; 9.71 mW (0.00 mW)                    ; 9.50 mW (0.00 mW)               ; --                                ; 0.21 mW (0.00 mW)                 ; |top_level|shared_frame_storage:SHARED_GREEN|frame_ram:bank_7                                                                                        ;
;             |altsyncram:mem_rtl_0                      ; 9.71 mW (0.00 mW)                    ; 9.50 mW (0.00 mW)               ; --                                ; 0.21 mW (0.00 mW)                 ; |top_level|shared_frame_storage:SHARED_GREEN|frame_ram:bank_7|altsyncram:mem_rtl_0                                                                   ;
;                 |altsyncram_t9p1:auto_generated        ; 9.71 mW (9.71 mW)                    ; 9.50 mW (9.50 mW)               ; --                                ; 0.21 mW (0.21 mW)                 ; |top_level|shared_frame_storage:SHARED_GREEN|frame_ram:bank_7|altsyncram:mem_rtl_0|altsyncram_t9p1:auto_generated                                    ;
;         |frame_ram:bank_8                              ; 9.61 mW (0.00 mW)                    ; 9.50 mW (0.00 mW)               ; --                                ; 0.11 mW (0.00 mW)                 ; |top_level|shared_frame_storage:SHARED_GREEN|frame_ram:bank_8                                                                                        ;
;             |altsyncram:mem_rtl_0                      ; 9.61 mW (0.00 mW)                    ; 9.50 mW (0.00 mW)               ; --                                ; 0.11 mW (0.00 mW)                 ; |top_level|shared_frame_storage:SHARED_GREEN|frame_ram:bank_8|altsyncram:mem_rtl_0                                                                   ;
;                 |altsyncram_t9p1:auto_generated        ; 9.61 mW (9.61 mW)                    ; 9.50 mW (9.50 mW)               ; --                                ; 0.11 mW (0.11 mW)                 ; |top_level|shared_frame_storage:SHARED_GREEN|frame_ram:bank_8|altsyncram:mem_rtl_0|altsyncram_t9p1:auto_generated                                    ;
;         |frame_ram:bank_8v                             ; 0.00 mW (0.00 mW)                    ; 0.00 mW (0.00 mW)               ; --                                ; 0.00 mW (0.00 mW)                 ; |top_level|shared_frame_storage:SHARED_GREEN|frame_ram:bank_8v                                                                                       ;
;             |altsyncram:mem_rtl_0                      ; 0.00 mW (0.00 mW)                    ; 0.00 mW (0.00 mW)               ; --                                ; 0.00 mW (0.00 mW)                 ; |top_level|shared_frame_storage:SHARED_GREEN|frame_ram:bank_8v|altsyncram:mem_rtl_0                                                                  ;
;                 |altsyncram_t9p1:auto_generated        ; 0.00 mW (0.00 mW)                    ; 0.00 mW (0.00 mW)               ; --                                ; 0.00 mW (0.00 mW)                 ; |top_level|shared_frame_storage:SHARED_GREEN|frame_ram:bank_8v|altsyncram:mem_rtl_0|altsyncram_t9p1:auto_generated                                   ;
;         |frame_ram:bank_9                              ; 0.00 mW (0.00 mW)                    ; 0.00 mW (0.00 mW)               ; --                                ; 0.00 mW (0.00 mW)                 ; |top_level|shared_frame_storage:SHARED_GREEN|frame_ram:bank_9                                                                                        ;
;             |altsyncram:mem_rtl_0                      ; 0.00 mW (0.00 mW)                    ; 0.00 mW (0.00 mW)               ; --                                ; 0.00 mW (0.00 mW)                 ; |top_level|shared_frame_storage:SHARED_GREEN|frame_ram:bank_9|altsyncram:mem_rtl_0                                                                   ;
;                 |altsyncram_t9p1:auto_generated        ; 0.00 mW (0.00 mW)                    ; 0.00 mW (0.00 mW)               ; --                                ; 0.00 mW (0.00 mW)                 ; |top_level|shared_frame_storage:SHARED_GREEN|frame_ram:bank_9|altsyncram:mem_rtl_0|altsyncram_t9p1:auto_generated                                    ;
;         |frame_ram:bank_10                             ; 0.00 mW (0.00 mW)                    ; 0.00 mW (0.00 mW)               ; --                                ; 0.00 mW (0.00 mW)                 ; |top_level|shared_frame_storage:SHARED_GREEN|frame_ram:bank_10                                                                                       ;
;             |altsyncram:mem_rtl_0                      ; 0.00 mW (0.00 mW)                    ; 0.00 mW (0.00 mW)               ; --                                ; 0.00 mW (0.00 mW)                 ; |top_level|shared_frame_storage:SHARED_GREEN|frame_ram:bank_10|altsyncram:mem_rtl_0                                                                  ;
;                 |altsyncram_t9p1:auto_generated        ; 0.00 mW (0.00 mW)                    ; 0.00 mW (0.00 mW)               ; --                                ; 0.00 mW (0.00 mW)                 ; |top_level|shared_frame_storage:SHARED_GREEN|frame_ram:bank_10|altsyncram:mem_rtl_0|altsyncram_t9p1:auto_generated                                   ;
;         |frame_ram:bank_11                             ; 0.00 mW (0.00 mW)                    ; 0.00 mW (0.00 mW)               ; --                                ; 0.00 mW (0.00 mW)                 ; |top_level|shared_frame_storage:SHARED_GREEN|frame_ram:bank_11                                                                                       ;
;             |altsyncram:mem_rtl_0                      ; 0.00 mW (0.00 mW)                    ; 0.00 mW (0.00 mW)               ; --                                ; 0.00 mW (0.00 mW)                 ; |top_level|shared_frame_storage:SHARED_GREEN|frame_ram:bank_11|altsyncram:mem_rtl_0                                                                  ;
;                 |altsyncram_t9p1:auto_generated        ; 0.00 mW (0.00 mW)                    ; 0.00 mW (0.00 mW)               ; --                                ; 0.00 mW (0.00 mW)                 ; |top_level|shared_frame_storage:SHARED_GREEN|frame_ram:bank_11|altsyncram:mem_rtl_0|altsyncram_t9p1:auto_generated                                   ;
;     |shared_frame_storage:SHARED_RED                   ; 50.54 mW (11.87 mW)                  ; 39.59 mW (1.82 mW)              ; --                                ; 10.95 mW (10.06 mW)               ; |top_level|shared_frame_storage:SHARED_RED                                                                                                           ;
;         |frame_ram:bank_0                              ; 0.00 mW (0.00 mW)                    ; 0.00 mW (0.00 mW)               ; --                                ; 0.00 mW (0.00 mW)                 ; |top_level|shared_frame_storage:SHARED_RED|frame_ram:bank_0                                                                                          ;
;             |altsyncram:mem_rtl_0                      ; 0.00 mW (0.00 mW)                    ; 0.00 mW (0.00 mW)               ; --                                ; 0.00 mW (0.00 mW)                 ; |top_level|shared_frame_storage:SHARED_RED|frame_ram:bank_0|altsyncram:mem_rtl_0                                                                     ;
;                 |altsyncram_t9p1:auto_generated        ; 0.00 mW (0.00 mW)                    ; 0.00 mW (0.00 mW)               ; --                                ; 0.00 mW (0.00 mW)                 ; |top_level|shared_frame_storage:SHARED_RED|frame_ram:bank_0|altsyncram:mem_rtl_0|altsyncram_t9p1:auto_generated                                      ;
;         |frame_ram:bank_1                              ; 0.00 mW (0.00 mW)                    ; 0.00 mW (0.00 mW)               ; --                                ; 0.00 mW (0.00 mW)                 ; |top_level|shared_frame_storage:SHARED_RED|frame_ram:bank_1                                                                                          ;
;             |altsyncram:mem_rtl_0                      ; 0.00 mW (0.00 mW)                    ; 0.00 mW (0.00 mW)               ; --                                ; 0.00 mW (0.00 mW)                 ; |top_level|shared_frame_storage:SHARED_RED|frame_ram:bank_1|altsyncram:mem_rtl_0                                                                     ;
;                 |altsyncram_t9p1:auto_generated        ; 0.00 mW (0.00 mW)                    ; 0.00 mW (0.00 mW)               ; --                                ; 0.00 mW (0.00 mW)                 ; |top_level|shared_frame_storage:SHARED_RED|frame_ram:bank_1|altsyncram:mem_rtl_0|altsyncram_t9p1:auto_generated                                      ;
;         |frame_ram:bank_2                              ; 0.00 mW (0.00 mW)                    ; 0.00 mW (0.00 mW)               ; --                                ; 0.00 mW (0.00 mW)                 ; |top_level|shared_frame_storage:SHARED_RED|frame_ram:bank_2                                                                                          ;
;             |altsyncram:mem_rtl_0                      ; 0.00 mW (0.00 mW)                    ; 0.00 mW (0.00 mW)               ; --                                ; 0.00 mW (0.00 mW)                 ; |top_level|shared_frame_storage:SHARED_RED|frame_ram:bank_2|altsyncram:mem_rtl_0                                                                     ;
;                 |altsyncram_t9p1:auto_generated        ; 0.00 mW (0.00 mW)                    ; 0.00 mW (0.00 mW)               ; --                                ; 0.00 mW (0.00 mW)                 ; |top_level|shared_frame_storage:SHARED_RED|frame_ram:bank_2|altsyncram:mem_rtl_0|altsyncram_t9p1:auto_generated                                      ;
;         |frame_ram:bank_3                              ; 0.00 mW (0.00 mW)                    ; 0.00 mW (0.00 mW)               ; --                                ; 0.00 mW (0.00 mW)                 ; |top_level|shared_frame_storage:SHARED_RED|frame_ram:bank_3                                                                                          ;
;             |altsyncram:mem_rtl_0                      ; 0.00 mW (0.00 mW)                    ; 0.00 mW (0.00 mW)               ; --                                ; 0.00 mW (0.00 mW)                 ; |top_level|shared_frame_storage:SHARED_RED|frame_ram:bank_3|altsyncram:mem_rtl_0                                                                     ;
;                 |altsyncram_t9p1:auto_generated        ; 0.00 mW (0.00 mW)                    ; 0.00 mW (0.00 mW)               ; --                                ; 0.00 mW (0.00 mW)                 ; |top_level|shared_frame_storage:SHARED_RED|frame_ram:bank_3|altsyncram:mem_rtl_0|altsyncram_t9p1:auto_generated                                      ;
;         |frame_ram:bank_4                              ; 0.00 mW (0.00 mW)                    ; 0.00 mW (0.00 mW)               ; --                                ; 0.00 mW (0.00 mW)                 ; |top_level|shared_frame_storage:SHARED_RED|frame_ram:bank_4                                                                                          ;
;             |altsyncram:mem_rtl_0                      ; 0.00 mW (0.00 mW)                    ; 0.00 mW (0.00 mW)               ; --                                ; 0.00 mW (0.00 mW)                 ; |top_level|shared_frame_storage:SHARED_RED|frame_ram:bank_4|altsyncram:mem_rtl_0                                                                     ;
;                 |altsyncram_t9p1:auto_generated        ; 0.00 mW (0.00 mW)                    ; 0.00 mW (0.00 mW)               ; --                                ; 0.00 mW (0.00 mW)                 ; |top_level|shared_frame_storage:SHARED_RED|frame_ram:bank_4|altsyncram:mem_rtl_0|altsyncram_t9p1:auto_generated                                      ;
;         |frame_ram:bank_5                              ; 9.78 mW (0.00 mW)                    ; 9.51 mW (0.00 mW)               ; --                                ; 0.28 mW (0.00 mW)                 ; |top_level|shared_frame_storage:SHARED_RED|frame_ram:bank_5                                                                                          ;
;             |altsyncram:mem_rtl_0                      ; 9.78 mW (0.00 mW)                    ; 9.51 mW (0.00 mW)               ; --                                ; 0.28 mW (0.00 mW)                 ; |top_level|shared_frame_storage:SHARED_RED|frame_ram:bank_5|altsyncram:mem_rtl_0                                                                     ;
;                 |altsyncram_t9p1:auto_generated        ; 9.78 mW (9.78 mW)                    ; 9.51 mW (9.51 mW)               ; --                                ; 0.28 mW (0.28 mW)                 ; |top_level|shared_frame_storage:SHARED_RED|frame_ram:bank_5|altsyncram:mem_rtl_0|altsyncram_t9p1:auto_generated                                      ;
;         |frame_ram:bank_6                              ; 9.75 mW (0.00 mW)                    ; 9.51 mW (0.00 mW)               ; --                                ; 0.24 mW (0.00 mW)                 ; |top_level|shared_frame_storage:SHARED_RED|frame_ram:bank_6                                                                                          ;
;             |altsyncram:mem_rtl_0                      ; 9.75 mW (0.00 mW)                    ; 9.51 mW (0.00 mW)               ; --                                ; 0.24 mW (0.00 mW)                 ; |top_level|shared_frame_storage:SHARED_RED|frame_ram:bank_6|altsyncram:mem_rtl_0                                                                     ;
;                 |altsyncram_t9p1:auto_generated        ; 9.75 mW (9.75 mW)                    ; 9.51 mW (9.51 mW)               ; --                                ; 0.24 mW (0.24 mW)                 ; |top_level|shared_frame_storage:SHARED_RED|frame_ram:bank_6|altsyncram:mem_rtl_0|altsyncram_t9p1:auto_generated                                      ;
;         |frame_ram:bank_7                              ; 9.45 mW (0.00 mW)                    ; 9.27 mW (0.00 mW)               ; --                                ; 0.19 mW (0.00 mW)                 ; |top_level|shared_frame_storage:SHARED_RED|frame_ram:bank_7                                                                                          ;
;             |altsyncram:mem_rtl_0                      ; 9.45 mW (0.00 mW)                    ; 9.27 mW (0.00 mW)               ; --                                ; 0.19 mW (0.00 mW)                 ; |top_level|shared_frame_storage:SHARED_RED|frame_ram:bank_7|altsyncram:mem_rtl_0                                                                     ;
;                 |altsyncram_t9p1:auto_generated        ; 9.45 mW (9.45 mW)                    ; 9.27 mW (9.27 mW)               ; --                                ; 0.19 mW (0.19 mW)                 ; |top_level|shared_frame_storage:SHARED_RED|frame_ram:bank_7|altsyncram:mem_rtl_0|altsyncram_t9p1:auto_generated                                      ;
;         |frame_ram:bank_8                              ; 9.69 mW (0.00 mW)                    ; 9.50 mW (0.00 mW)               ; --                                ; 0.19 mW (0.00 mW)                 ; |top_level|shared_frame_storage:SHARED_RED|frame_ram:bank_8                                                                                          ;
;             |altsyncram:mem_rtl_0                      ; 9.69 mW (0.00 mW)                    ; 9.50 mW (0.00 mW)               ; --                                ; 0.19 mW (0.00 mW)                 ; |top_level|shared_frame_storage:SHARED_RED|frame_ram:bank_8|altsyncram:mem_rtl_0                                                                     ;
;                 |altsyncram_t9p1:auto_generated        ; 9.69 mW (9.69 mW)                    ; 9.50 mW (9.50 mW)               ; --                                ; 0.19 mW (0.19 mW)                 ; |top_level|shared_frame_storage:SHARED_RED|frame_ram:bank_8|altsyncram:mem_rtl_0|altsyncram_t9p1:auto_generated                                      ;
;         |frame_ram:bank_8v                             ; 0.00 mW (0.00 mW)                    ; 0.00 mW (0.00 mW)               ; --                                ; 0.00 mW (0.00 mW)                 ; |top_level|shared_frame_storage:SHARED_RED|frame_ram:bank_8v                                                                                         ;
;             |altsyncram:mem_rtl_0                      ; 0.00 mW (0.00 mW)                    ; 0.00 mW (0.00 mW)               ; --                                ; 0.00 mW (0.00 mW)                 ; |top_level|shared_frame_storage:SHARED_RED|frame_ram:bank_8v|altsyncram:mem_rtl_0                                                                    ;
;                 |altsyncram_t9p1:auto_generated        ; 0.00 mW (0.00 mW)                    ; 0.00 mW (0.00 mW)               ; --                                ; 0.00 mW (0.00 mW)                 ; |top_level|shared_frame_storage:SHARED_RED|frame_ram:bank_8v|altsyncram:mem_rtl_0|altsyncram_t9p1:auto_generated                                     ;
;         |frame_ram:bank_9                              ; 0.00 mW (0.00 mW)                    ; 0.00 mW (0.00 mW)               ; --                                ; 0.00 mW (0.00 mW)                 ; |top_level|shared_frame_storage:SHARED_RED|frame_ram:bank_9                                                                                          ;
;             |altsyncram:mem_rtl_0                      ; 0.00 mW (0.00 mW)                    ; 0.00 mW (0.00 mW)               ; --                                ; 0.00 mW (0.00 mW)                 ; |top_level|shared_frame_storage:SHARED_RED|frame_ram:bank_9|altsyncram:mem_rtl_0                                                                     ;
;                 |altsyncram_t9p1:auto_generated        ; 0.00 mW (0.00 mW)                    ; 0.00 mW (0.00 mW)               ; --                                ; 0.00 mW (0.00 mW)                 ; |top_level|shared_frame_storage:SHARED_RED|frame_ram:bank_9|altsyncram:mem_rtl_0|altsyncram_t9p1:auto_generated                                      ;
;         |frame_ram:bank_10                             ; 0.00 mW (0.00 mW)                    ; 0.00 mW (0.00 mW)               ; --                                ; 0.00 mW (0.00 mW)                 ; |top_level|shared_frame_storage:SHARED_RED|frame_ram:bank_10                                                                                         ;
;             |altsyncram:mem_rtl_0                      ; 0.00 mW (0.00 mW)                    ; 0.00 mW (0.00 mW)               ; --                                ; 0.00 mW (0.00 mW)                 ; |top_level|shared_frame_storage:SHARED_RED|frame_ram:bank_10|altsyncram:mem_rtl_0                                                                    ;
;                 |altsyncram_t9p1:auto_generated        ; 0.00 mW (0.00 mW)                    ; 0.00 mW (0.00 mW)               ; --                                ; 0.00 mW (0.00 mW)                 ; |top_level|shared_frame_storage:SHARED_RED|frame_ram:bank_10|altsyncram:mem_rtl_0|altsyncram_t9p1:auto_generated                                     ;
;         |frame_ram:bank_11                             ; 0.00 mW (0.00 mW)                    ; 0.00 mW (0.00 mW)               ; --                                ; 0.00 mW (0.00 mW)                 ; |top_level|shared_frame_storage:SHARED_RED|frame_ram:bank_11                                                                                         ;
;             |altsyncram:mem_rtl_0                      ; 0.00 mW (0.00 mW)                    ; 0.00 mW (0.00 mW)               ; --                                ; 0.00 mW (0.00 mW)                 ; |top_level|shared_frame_storage:SHARED_RED|frame_ram:bank_11|altsyncram:mem_rtl_0                                                                    ;
;                 |altsyncram_t9p1:auto_generated        ; 0.00 mW (0.00 mW)                    ; 0.00 mW (0.00 mW)               ; --                                ; 0.00 mW (0.00 mW)                 ; |top_level|shared_frame_storage:SHARED_RED|frame_ram:bank_11|altsyncram:mem_rtl_0|altsyncram_t9p1:auto_generated                                     ;
;     |hard_block:auto_generated_inst                    ; 0.00 mW (0.00 mW)                    ; 0.00 mW (0.00 mW)               ; --                                ; 0.00 mW (0.00 mW)                 ; |top_level|hard_block:auto_generated_inst                                                                                                            ;
;     |altshift_taps:epi_column_idx_in_rtl_0             ; 311.09 mW (0.00 mW)                  ; 214.81 mW (0.00 mW)             ; --                                ; 96.28 mW (0.00 mW)                ; |top_level|altshift_taps:epi_column_idx_in_rtl_0                                                                                                     ;
;         |shift_taps_92v:auto_generated                 ; 311.09 mW (1.37 mW)                  ; 214.81 mW (0.01 mW)             ; --                                ; 96.28 mW (1.36 mW)                ; |top_level|altshift_taps:epi_column_idx_in_rtl_0|shift_taps_92v:auto_generated                                                                       ;
;             |altsyncram_b2a1:altsyncram4               ; 307.83 mW (307.83 mW)                ; 214.79 mW (214.79 mW)           ; --                                ; 93.04 mW (93.04 mW)               ; |top_level|altshift_taps:epi_column_idx_in_rtl_0|shift_taps_92v:auto_generated|altsyncram_b2a1:altsyncram4                                           ;
;             |cntr_ohf:cntr1                            ; 1.90 mW (1.90 mW)                    ; 0.02 mW (0.02 mW)               ; --                                ; 1.88 mW (1.88 mW)                 ; |top_level|altshift_taps:epi_column_idx_in_rtl_0|shift_taps_92v:auto_generated|cntr_ohf:cntr1                                                        ;
+--------------------------------------------------------+--------------------------------------+---------------------------------+-----------------------------------+-----------------------------------+------------------------------------------------------------------------------------------------------------------------------------------------------+
(1) Value in parentheses is the power consumed at that level of hierarchy. Value not in parentheses is the power consumed at that level of hierarchy plus the power consumed by all levels of hierarchy below it.

(2) The "Block Thermal Static Power" for all levels of hierarchy except the top-level hierarchy is part of the "Core Static Thermal Power Dissipation" value found on the PowerPlay Power Analyzer-->Summary report panel. The "Core Static Thermal Power Dissipation" also contains the thermal static power dissipated by the routing.


+-----------------------------------------------------------------+
; Core Dynamic Thermal Power Dissipation by Clock Domain          ;
+--------------+-----------------------+--------------------------+
; Clock Domain ; Clock Frequency (MHz) ; Total Core Dynamic Power ;
+--------------+-----------------------+--------------------------+
; CLOCK_50     ; 195.01                ; 1484.97                  ;
+--------------+-----------------------+--------------------------+


+------------------------------------------------------------------------------------------------------------------------------------+
; Current Drawn from Voltage Supplies Summary                                                                                        ;
+----------------+-------------------------+---------------------------+--------------------------+----------------------------------+
; Voltage Supply ; Total Current Drawn (1) ; Dynamic Current Drawn (1) ; Static Current Drawn (1) ; Minimum Power Supply Current (2) ;
+----------------+-------------------------+---------------------------+--------------------------+----------------------------------+
; VCC            ; 1410.69 mA              ; 1351.11 mA                ; 59.58 mA                 ; 1410.69 mA                       ;
; VCCIO          ; 1.90 mA                 ; 0.94 mA                   ; 0.96 mA                  ; 1.90 mA                          ;
; VCCPD          ; 2.84 mA                 ; 0.41 mA                   ; 2.43 mA                  ; 2.84 mA                          ;
; VCCA_FPLL      ; 2.03 mA                 ; 0.00 mA                   ; 2.03 mA                  ; 2.03 mA                          ;
; VCCPGM         ; 0.33 mA                 ; 0.00 mA                   ; 0.33 mA                  ; 0.33 mA                          ;
; VCCBAT         ; 0.00 mA                 ; 0.00 mA                   ; 0.00 mA                  ; 0.00 mA                          ;
; VCCE_GXB       ; 0.00 mA                 ; 0.00 mA                   ; 0.00 mA                  ; 0.00 mA                          ;
; VCCL_GXB       ; 0.00 mA                 ; 0.00 mA                   ; 0.00 mA                  ; 0.00 mA                          ;
; VCCH_GXB       ; 0.00 mA                 ; 0.00 mA                   ; 0.00 mA                  ; 0.00 mA                          ;
; VCCAUX         ; 87.76 mA                ; 0.00 mA                   ; 87.76 mA                 ; 87.76 mA                         ;
; VCC_HPS        ; 10.44 mA                ; 0.00 mA                   ; 10.44 mA                 ; 10.44 mA                         ;
; VCCIO_HPS      ; 0.00 mA                 ; 0.00 mA                   ; 0.00 mA                  ; 0.00 mA                          ;
; VCCPD_HPS      ; 0.00 mA                 ; 0.00 mA                   ; 0.00 mA                  ; 0.00 mA                          ;
; VCCRSTCLK_HPS  ; 0.14 mA                 ; 0.00 mA                   ; 0.14 mA                  ; 0.14 mA                          ;
; VCCPLL_HPS     ; 0.67 mA                 ; 0.00 mA                   ; 0.67 mA                  ; 0.67 mA                          ;
; VCCAUX_SHARED  ; 49.07 mA                ; 0.00 mA                   ; 49.07 mA                 ; 49.07 mA                         ;
+----------------+-------------------------+---------------------------+--------------------------+----------------------------------+
(1) Currents reported in columns "Total Current Drawn", "Dynamic Current Drawn", and "Static Current Drawn" are sufficient for user operation of the device.  
(2) Currents reported in column "Minimum Power Supply Current" do not include transient power-up currents. For transient power-up currents, see the device family datasheet, errata sheet, and/or ES guidelines document, as appropriate. 


+-----------------------------------------------------------------------------------------------+
; VCCIO Supply Current Drawn by I/O Bank                                                        ;
+----------+---------------+---------------------+-----------------------+----------------------+
; I/O Bank ; VCCIO Voltage ; Total Current Drawn ; Dynamic Current Drawn ; Static Current Drawn ;
+----------+---------------+---------------------+-----------------------+----------------------+
; B2L      ; --            ; --                  ; --                    ; --                   ;
; B1L      ; --            ; --                  ; --                    ; --                   ;
; B0L      ; --            ; --                  ; --                    ; --                   ;
; 3A       ; 2.5V          ; 0.07 mA             ; 0.00 mA               ; 0.07 mA              ;
; 3B       ; 2.5V          ; 0.07 mA             ; 0.00 mA               ; 0.07 mA              ;
; 4A       ; 2.5V          ; 0.41 mA             ; 0.30 mA               ; 0.12 mA              ;
; 5A       ; 2.5V          ; 0.36 mA             ; 0.25 mA               ; 0.11 mA              ;
; 5B       ; 2.5V          ; 0.16 mA             ; 0.08 mA               ; 0.07 mA              ;
; 6B       ; 2.5V          ; 0.07 mA             ; 0.00 mA               ; 0.07 mA              ;
; 6A       ; 2.5V          ; 0.07 mA             ; 0.00 mA               ; 0.07 mA              ;
; 7A       ; 2.5V          ; 0.07 mA             ; 0.00 mA               ; 0.07 mA              ;
; 7B       ; 2.5V          ; 0.07 mA             ; 0.00 mA               ; 0.07 mA              ;
; 7C       ; 2.5V          ; 0.07 mA             ; 0.00 mA               ; 0.07 mA              ;
; 7D       ; 2.5V          ; 0.07 mA             ; 0.00 mA               ; 0.07 mA              ;
; 8A       ; 2.5V          ; 0.41 mA             ; 0.31 mA               ; 0.10 mA              ;
; 9A       ; --            ; --                  ; --                    ; --                   ;
+----------+---------------+---------------------+-----------------------+----------------------+


+-----------------------------------------------------------------------------------------------------------------------------------+
; VCCIO Supply Current Drawn by Voltage                                                                                             ;
+---------------+-------------------------+---------------------------+--------------------------+----------------------------------+
; VCCIO Voltage ; Total Current Drawn (1) ; Dynamic Current Drawn (1) ; Static Current Drawn (1) ; Minimum Power Supply Current (2) ;
+---------------+-------------------------+---------------------------+--------------------------+----------------------------------+
; 2.5V          ; 1.90 mA                 ; 0.94 mA                   ; 0.96 mA                  ; 1.90 mA                          ;
+---------------+-------------------------+---------------------------+--------------------------+----------------------------------+
(1) Currents reported in columns "Total Current Drawn", "Dynamic Current Drawn", and "Static Current Drawn" are sufficient for user operation of the device.  
(2) Currents reported in column "Minimum Power Supply Current" do not include transient power-up currents. For transient power-up currents, see the device family datasheet, errata sheet, and/or ES guidelines document, as appropriate. 


+-----------------------------------------------------------------------------------------------+
; VCCPD Supply Current Drawn by I/O Bank                                                        ;
+----------+---------------+---------------------+-----------------------+----------------------+
; I/O Bank ; VCCPD Voltage ; Total Current Drawn ; Dynamic Current Drawn ; Static Current Drawn ;
+----------+---------------+---------------------+-----------------------+----------------------+
; B2L      ; --            ; --                  ; --                    ; --                   ;
; B1L      ; --            ; --                  ; --                    ; --                   ;
; B0L      ; --            ; --                  ; --                    ; --                   ;
; 3A       ; 2.5V          ; 0.20 mA             ; 0.00 mA               ; 0.20 mA              ;
; 3B       ; 2.5V          ; 0.20 mA             ; 0.00 mA               ; 0.20 mA              ;
; 4A       ; 2.5V          ; 0.41 mA             ; 0.18 mA               ; 0.23 mA              ;
; 5A       ; 2.5V          ; 0.37 mA             ; 0.16 mA               ; 0.22 mA              ;
; 5B       ; 2.5V          ; 0.21 mA             ; 0.01 mA               ; 0.20 mA              ;
; 6B       ; 2.5V          ; 0.20 mA             ; 0.00 mA               ; 0.20 mA              ;
; 6A       ; 2.5V          ; 0.20 mA             ; 0.00 mA               ; 0.20 mA              ;
; 7A       ; 2.5V          ; 0.20 mA             ; 0.00 mA               ; 0.20 mA              ;
; 7B       ; 2.5V          ; 0.20 mA             ; 0.00 mA               ; 0.20 mA              ;
; 7C       ; 2.5V          ; 0.20 mA             ; 0.00 mA               ; 0.20 mA              ;
; 7D       ; 2.5V          ; 0.20 mA             ; 0.00 mA               ; 0.20 mA              ;
; 8A       ; 2.5V          ; 0.28 mA             ; 0.06 mA               ; 0.22 mA              ;
; 9A       ; --            ; --                  ; --                    ; --                   ;
+----------+---------------+---------------------+-----------------------+----------------------+


+-----------------------------------------------------------------------------------------------------------------------------------+
; VCCPD Supply Current Drawn by Voltage                                                                                             ;
+---------------+-------------------------+---------------------------+--------------------------+----------------------------------+
; VCCPD Voltage ; Total Current Drawn (1) ; Dynamic Current Drawn (1) ; Static Current Drawn (1) ; Minimum Power Supply Current (2) ;
+---------------+-------------------------+---------------------------+--------------------------+----------------------------------+
; 2.5V          ; 2.84 mA                 ; 0.41 mA                   ; 2.43 mA                  ; 2.84 mA                          ;
+---------------+-------------------------+---------------------------+--------------------------+----------------------------------+
(1) Currents reported in columns "Total Current Drawn", "Dynamic Current Drawn", and "Static Current Drawn" are sufficient for user operation of the device.  
(2) Currents reported in column "Minimum Power Supply Current" do not include transient power-up currents. For transient power-up currents, see the device family datasheet, errata sheet, and/or ES guidelines document, as appropriate. 


+-------------------------------------------------------------------------------------------------------------------------------------------------------+
; Confidence Metric Details                                                                                                                             ;
+----------------------------------------------------------------------------------------+----------------+-------------+---------------+---------------+
; Data Source                                                                            ; Total          ; Pin         ; Registered    ; Combinational ;
+----------------------------------------------------------------------------------------+----------------+-------------+---------------+---------------+
; Simulation (from file)                                                                 ;                ;             ;               ;               ;
;     -- Simulation time nodes in unknown state                                          ; 22.9%          ;             ;               ;               ;
;     -- Number of signals with Toggle Rate from Simulation                              ; 5565 (3.7%)    ; 84 (100.0%) ; 5281 (6.8%)   ; 200 (0.3%)    ;
;     -- Number of signals with Zero toggle rate, from Simulation                        ; 483 (0.3%)     ; 12 (14.3%)  ; 440 (0.6%)    ; 31 (0.0%)     ;
;     -- Number of signals with Static Probability from Simulation                       ; 5565 (3.7%)    ; 84 (100.0%) ; 5281 (6.8%)   ; 200 (0.3%)    ;
;                                                                                        ;                ;             ;               ;               ;
; Node, entity or clock assignment                                                       ;                ;             ;               ;               ;
;     -- Number of signals with Toggle Rate from Node, entity or clock assignment        ; 1 (0.0%)       ; 0 (0.0%)    ; 0 (0.0%)      ; 1 (0.0%)      ;
;     -- Number of signals with Static Probability from Node, entity or clock assignment ; 1 (0.0%)       ; 0 (0.0%)    ; 0 (0.0%)      ; 1 (0.0%)      ;
;                                                                                        ;                ;             ;               ;               ;
; Vectorless estimation                                                                  ;                ;             ;               ;               ;
;     -- Number of signals with Toggle Rate from Vectorless estimation                   ; 143160 (96.3%) ; 0 (0.0%)    ; 71854 (93.2%) ; 71306 (99.7%) ;
;     -- Number of signals with Zero toggle rate, from Vectorless estimation             ; 17431 (11.7%)  ; 0 (0.0%)    ; 10548 (13.7%) ; 6883 (9.6%)   ;
;     -- Number of signals with Static Probability from Vectorless estimation            ; 143160 (96.3%) ; 0 (0.0%)    ; 71854 (93.2%) ; 71306 (99.7%) ;
;                                                                                        ;                ;             ;               ;               ;
; Default assignment                                                                     ;                ;             ;               ;               ;
;     -- Number of signals with Toggle Rate from Default assignment                      ; 0 (0.0%)       ; 0 (0.0%)    ; 0 (0.0%)      ; 0 (0.0%)      ;
;     -- Number of signals with Static Probability from Default assignment               ; 0 (0.0%)       ; 0 (0.0%)    ; 0 (0.0%)      ; 0 (0.0%)      ;
;                                                                                        ;                ;             ;               ;               ;
; Assumed 0                                                                              ;                ;             ;               ;               ;
;     -- Number of signals with Toggle Rate assumed 0                                    ; 0 (0.0%)       ; 0 (0.0%)    ; 0 (0.0%)      ; 0 (0.0%)      ;
+----------------------------------------------------------------------------------------+----------------+-------------+---------------+---------------+


+-----------------------------------------------------------------------------------------------------------------------------------------------------+
; Signal Activities                                                                                                                                   ;
+--------+------+---------------------------------------------+-----------------------------+--------------------+------------------------------------+
; Signal ; Type ; Toggle Rate (millions of transitions / sec) ; Toggle Rate Data Source (1) ; Static Probability ; Static Probability Data Source (1) ;
+--------+------+---------------------------------------------+-----------------------------+--------------------+------------------------------------+
(1) The "Signal Activity" Table has been hidden. To show this table, please select the "Write signal activities to report file" option under "PowerPlay Power Analyzer Settings".


+-------------------------+
; Power Analyzer Messages ;
+-------------------------+
Info: *******************************************************************
Info: Running Quartus Prime Power Analyzer
    Info: Version 20.1.0 Build 711 06/05/2020 SJ Lite Edition
    Info: Processing started: Thu Apr  2 11:56:40 2026
Info: Command: quartus_pow --read_settings_files=on --write_settings_files=off Thesis_Project_Bit_Manipulation -c Thesis_Project_Bit_Manipulation
Info (21077): Low junction temperature is 0 degrees C
Info (21077): High junction temperature is 85 degrees C
Info (222002): Starting scan of VCD file simulation/modelsim/dump_tl.vcd (0 ns to End of File) for signal static probabilities and transition densities
Info (222003): Finished scan of VCD file simulation/modelsim/dump_tl.vcd (0 ns to End of File) for signal static probabilities and transition densities
Info (332104): Reading SDC File: 'Thesis_Project_Bit_Manipulation.sdc'
Info (332151): Clock uncertainty is not calculated until you update the timing netlist.
Info (332123): Deriving Clock Uncertainty. Please refer to report_sdc in the Timing Analyzer to see clock uncertainties.
Info (223000): Starting Vectorless Power Activity Estimation
Info (223001): Completed Vectorless Power Activity Estimation
Info (215037): Detailed signal activity file source information is not written to output Signal Activity File.
Critical Warning (215050): HPS power is being analyzed for a device with an HPS without HPS power.
Info (218000): Using Advanced I/O Power to simulate I/O buffers with the specified board trace model
Info (334003): Started post-fitting delay annotation
Info (334004): Delay annotation completed successfully
Info (215049): Average toggle rate for this design is 20.020 millions of transitions / sec
Info (215031): Total thermal power estimate for the design is 1925.90 mW
Info: Quartus Prime Power Analyzer was successful. 0 errors, 1 warning
    Info: Peak virtual memory: 2259 megabytes
    Info: Processing ended: Thu Apr  2 12:00:20 2026
    Info: Elapsed time: 00:03:40
    Info: Total CPU time (on all processors): 00:04:56


