Flow report for Thesis_Project_Standard
Sat May 23 23:42:15 2026
Quartus Prime Version 20.1.0 Build 711 06/05/2020 SJ Lite Edition


---------------------
; Table of Contents ;
---------------------
  1. Legal Notice
  2. Flow Summary
  3. Flow Settings
  4. Flow Non-Default Global Settings
  5. Flow Elapsed Time
  6. Flow OS Summary
  7. Flow Log
  8. Flow Messages
  9. Flow Suppressed Messages



----------------
; Legal Notice ;
----------------
Copyright (C) 2020  Intel Corporation. All rights reserved.
Your use of Intel Corporation's design tools, logic functions 
and other software and tools, and any partner logic 
functions, and any output files from any of the foregoing 
(including device programming or simulation files), and any 
associated documentation or information are expressly subject 
to the terms and conditions of the Intel Program License 
Subscription Agreement, the Intel Quartus Prime License Agreement,
the Intel FPGA IP License Agreement, or other applicable license
agreement, including, without limitation, that your use is for
the sole purpose of programming logic devices manufactured by
Intel and sold by Intel or its authorized distributors.  Please
refer to the applicable agreement for further details, at
https://fpgasoftware.intel.com/eula.



+-------------------------------------------------------------------------------+
; Flow Summary                                                                  ;
+---------------------------------+---------------------------------------------+
; Flow Status                     ; Successful - Sat May 23 23:42:14 2026       ;
; Quartus Prime Version           ; 20.1.0 Build 711 06/05/2020 SJ Lite Edition ;
; Revision Name                   ; Thesis_Project_Standard                     ;
; Top-level Entity Name           ; top_level                                   ;
; Family                          ; Cyclone V                                   ;
; Device                          ; 5CSEMA5F31C6                                ;
; Timing Models                   ; Final                                       ;
; Logic utilization (in ALMs)     ; 3,657 / 32,070 ( 11 % )                     ;
; Total registers                 ; 9514                                        ;
; Total pins                      ; 73 / 457 ( 16 % )                           ;
; Total virtual pins              ; 0                                           ;
; Total block memory bits         ; 1,826,637 / 4,065,280 ( 45 % )              ;
; Total DSP Blocks                ; 10 / 87 ( 11 % )                            ;
; Total HSSI RX PCSs              ; 0                                           ;
; Total HSSI PMA RX Deserializers ; 0                                           ;
; Total HSSI TX PCSs              ; 0                                           ;
; Total HSSI PMA TX Serializers   ; 0                                           ;
; Total PLLs                      ; 0 / 6 ( 0 % )                               ;
; Total DLLs                      ; 0 / 4 ( 0 % )                               ;
+---------------------------------+---------------------------------------------+


+---------------------------------------------+
; Flow Settings                               ;
+-------------------+-------------------------+
; Option            ; Setting                 ;
+-------------------+-------------------------+
; Start date & time ; 05/23/2026 19:25:31     ;
; Main task         ; Compilation             ;
; Revision Name     ; Thesis_Project_Standard ;
+-------------------+-------------------------+


+-----------------------------------------------------------------------------------------------------------------------------------------------------------+
; Flow Non-Default Global Settings                                                                                                                          ;
+--------------------------------------+----------------------------------------+-------------------------+-------------+-----------------------------------+
; Assignment Name                      ; Value                                  ; Default Value           ; Entity Name ; Section Id                        ;
+--------------------------------------+----------------------------------------+-------------------------+-------------+-----------------------------------+
; COMPILER_SIGNATURE_ID                ; 277083306413539.177952833162933        ; --                      ; --          ; --                                ;
; EDA_GENERATE_FUNCTIONAL_NETLIST      ; Off                                    ; --                      ; --          ; eda_board_design_timing           ;
; EDA_GENERATE_FUNCTIONAL_NETLIST      ; Off                                    ; --                      ; --          ; eda_board_design_boundary_scan    ;
; EDA_GENERATE_FUNCTIONAL_NETLIST      ; Off                                    ; --                      ; --          ; eda_board_design_signal_integrity ;
; EDA_GENERATE_FUNCTIONAL_NETLIST      ; Off                                    ; --                      ; --          ; eda_board_design_symbol           ;
; EDA_OUTPUT_DATA_FORMAT               ; Systemverilog Hdl                      ; --                      ; --          ; eda_simulation                    ;
; EDA_SIMULATION_TOOL                  ; ModelSim-Altera (SystemVerilog)        ; <None>                  ; --          ; --                                ;
; EDA_TIME_SCALE                       ; 1 ps                                   ; --                      ; --          ; eda_simulation                    ;
; FITTER_EFFORT                        ; Standard Fit                           ; Auto Fit                ; --          ; --                                ;
; MAX_CORE_JUNCTION_TEMP               ; 85                                     ; --                      ; --          ; --                                ;
; MIN_CORE_JUNCTION_TEMP               ; 0                                      ; --                      ; --          ; --                                ;
; NUM_PARALLEL_PROCESSORS              ; 4                                      ; --                      ; --          ; --                                ;
; OPTIMIZATION_MODE                    ; High Performance Effort                ; Balanced                ; --          ; --                                ;
; PARTITION_COLOR                      ; -- (Not supported for targeted family) ; --                      ; top_level   ; Top                               ;
; PARTITION_FITTER_PRESERVATION_LEVEL  ; -- (Not supported for targeted family) ; --                      ; top_level   ; Top                               ;
; PARTITION_NETLIST_TYPE               ; -- (Not supported for targeted family) ; --                      ; top_level   ; Top                               ;
; PHYSICAL_SYNTHESIS_COMBO_LOGIC       ; On                                     ; Off                     ; --          ; --                                ;
; PHYSICAL_SYNTHESIS_REGISTER_RETIMING ; On                                     ; Off                     ; --          ; --                                ;
; PLACEMENT_EFFORT_MULTIPLIER          ; 4.0                                    ; 1.0                     ; --          ; --                                ;
; POWER_BOARD_THERMAL_MODEL            ; None (CONSERVATIVE)                    ; --                      ; --          ; --                                ;
; POWER_DEFAULT_INPUT_IO_TOGGLE_RATE   ; 12.5 %                                 ; 12.5%                   ; --          ; --                                ;
; POWER_INPUT_FILE_NAME                ; simulation/modelsim/dump_tl.vcd        ; --                      ; top_level   ; dump_tl.vcd                       ;
; POWER_PRESET_COOLING_SOLUTION        ; 23 MM HEAT SINK WITH 200 LFPM AIRFLOW  ; --                      ; --          ; --                                ;
; POWER_USE_INPUT_FILES                ; On                                     ; Off                     ; --          ; --                                ;
; PROJECT_OUTPUT_DIRECTORY             ; output_files                           ; --                      ; --          ; --                                ;
; ROUTER_TIMING_OPTIMIZATION_LEVEL     ; MAXIMUM                                ; Normal                  ; --          ; --                                ;
; TOP_LEVEL_ENTITY                     ; top_level                              ; Thesis_Project_Standard ; --          ; --                                ;
+--------------------------------------+----------------------------------------+-------------------------+-------------+-----------------------------------+


+--------------------------------------------------------------------------------------------------------------------------+
; Flow Elapsed Time                                                                                                        ;
+----------------------+--------------+-------------------------+---------------------+------------------------------------+
; Module Name          ; Elapsed Time ; Average Processors Used ; Peak Virtual Memory ; Total CPU Time (on all processors) ;
+----------------------+--------------+-------------------------+---------------------+------------------------------------+
; Analysis & Synthesis ; 00:00:25     ; 1.0                     ; 738 MB              ; 00:00:36                           ;
; Fitter               ; 00:03:12     ; 1.3                     ; 2145 MB             ; 00:06:33                           ;
; Assembler            ; 00:00:12     ; 1.0                     ; 622 MB              ; 00:00:12                           ;
; Timing Analyzer      ; 00:00:19     ; 2.4                     ; 1030 MB             ; 00:00:42                           ;
; EDA Netlist Writer   ; 00:00:03     ; 1.0                     ; 790 MB              ; 00:00:03                           ;
; Power Analyzer       ; 00:01:30     ; 1.1                     ; 1314 MB             ; 00:01:40                           ;
; Power Analyzer       ; 00:01:25     ; 1.1                     ; 1307 MB             ; 00:01:36                           ;
; Total                ; 00:07:06     ; --                      ; --                  ; 00:11:22                           ;
+----------------------+--------------+-------------------------+---------------------+------------------------------------+


+---------------------------------------------------------------------------------------------+
; Flow OS Summary                                                                             ;
+----------------------+-----------------------+----------------+------------+----------------+
; Module Name          ; Machine Hostname      ; OS Name        ; OS Version ; Processor type ;
+----------------------+-----------------------+----------------+------------+----------------+
; Analysis & Synthesis ; USYD-Course-Developer ; Ubuntu 22.04.5 ; 22         ; x86_64         ;
; Fitter               ; USYD-Course-Developer ; Ubuntu 22.04.5 ; 22         ; x86_64         ;
; Assembler            ; USYD-Course-Developer ; Ubuntu 22.04.5 ; 22         ; x86_64         ;
; Timing Analyzer      ; USYD-Course-Developer ; Ubuntu 22.04.5 ; 22         ; x86_64         ;
; EDA Netlist Writer   ; USYD-Course-Developer ; Ubuntu 22.04.5 ; 22         ; x86_64         ;
; Power Analyzer       ; USYD-Course-Developer ; Ubuntu 22.04.5 ; 22         ; x86_64         ;
; Power Analyzer       ; USYD-Course-Developer ; Ubuntu 22.04.5 ; 22         ; x86_64         ;
+----------------------+-----------------------+----------------+------------+----------------+


------------
; Flow Log ;
------------
quartus_map --read_settings_files=on --write_settings_files=off Thesis_Project_Standard -c Thesis_Project_Standard
quartus_fit --read_settings_files=off --write_settings_files=off Thesis_Project_Standard -c Thesis_Project_Standard
quartus_asm --read_settings_files=off --write_settings_files=off Thesis_Project_Standard -c Thesis_Project_Standard
quartus_sta Thesis_Project_Standard -c Thesis_Project_Standard
quartus_eda --read_settings_files=off --write_settings_files=off Thesis_Project_Standard -c Thesis_Project_Standard
quartus_pow --read_settings_files=on --write_settings_files=off Thesis_Project_Standard -c Thesis_Project_Standard
quartus_pow --read_settings_files=on --write_settings_files=off Thesis_Project_Standard -c Thesis_Project_Standard



